<?xml version="1.0" encoding="UTF-8"?>
<TestRun id="16cfffe5-446b-450c-a0af-173981c2852b" name="bob@BOB-SQUAWK 2012-08-30 03:49:49" runUser="bob-squawk\bob" xmlns="http://microsoft.com/schemas/VisualStudio/TeamTest/2010">
  <TestSettings name="Local" id="53e514f0-4a59-4535-81eb-4649f33ffbf9">
    <Description>These are default test settings for a local test run.</Description>
    <Deployment enabled="false" runDeploymentRoot="bob_BOB-SQUAWK 2012-08-30 03_49_49">
      <DeploymentItem filename="C:\Users\bob\Desktop\cse136_hw4\DomainModel\bin\Debug\DomainModel.dll" />
      <DeploymentItem filename="C:\Users\bob\Desktop\cse136_hw4\BL\bin\Debug\BL.dll" />
      <DeploymentItem filename="C:\Users\bob\Desktop\cse136_hw4\cse136\bin\Debug\cse136.dll" />
    </Deployment>
    <Execution>
      <TestTypeSpecific />
      <AgentRule name="Execution Agents">
      </AgentRule>
    </Execution>
  </TestSettings>
  <Times creation="2012-08-30T03:49:49.7560000-07:00" queuing="2012-08-30T03:49:50.4100000-07:00" start="2012-08-30T03:49:50.4780000-07:00" finish="2012-08-30T03:49:53.5350000-07:00" />
  <ResultSummary outcome="Completed">
    <Counters total="58" executed="58" passed="58" error="0" failed="0" timeout="0" aborted="0" inconclusive="0" passedButRunAborted="0" notRunnable="0" notExecuted="0" disconnected="0" warning="0" completed="0" inProgress="0" pending="0" />
  </ResultSummary>
  <TestDefinitions>
    <UnitTest name="ProductVariationDeleteErrorTest" storage="c:\users\bob\desktop\cse136_hw4\bltest\bin\debug\bltest.dll" id="a7d7b29b-200e-e950-acdb-f74fb0c8329a">
      <Execution id="eaf1c9b1-2b08-40ea-bebd-8b86d871137d" />
      <TestMethod codeBase="C:/Users/bob/Desktop/cse136_hw4/BLTest/bin/Debug/BLTest.DLL" adapterTypeName="Microsoft.VisualStudio.TestTools.TestTypes.Unit.UnitTestAdapter, Microsoft.VisualStudio.QualityTools.Tips.UnitTest.Adapter, Version=10.0.0.0, Culture=neutral, PublicKeyToken=b03f5f7f11d50a3a" className="BLTest.BLProductVariationTest, BLTest, Version=1.0.0.0, Culture=neutral, PublicKeyToken=null" name="ProductVariationDeleteErrorTest" />
    </UnitTest>
    <UnitTest name="BrandUpdateErrorTest" storage="c:\users\bob\desktop\cse136_hw4\bltest\bin\debug\bltest.dll" id="e838b5ac-738c-c97e-c3d6-f1fb0daa2370">
      <Execution id="9659e9ea-2611-427c-a901-2c5a1a76c830" />
      <TestMethod codeBase="C:/Users/bob/Desktop/cse136_hw4/BLTest/bin/Debug/BLTest.DLL" adapterTypeName="Microsoft.VisualStudio.TestTools.TestTypes.Unit.UnitTestAdapter, Microsoft.VisualStudio.QualityTools.Tips.UnitTest.Adapter, Version=10.0.0.0, Culture=neutral, PublicKeyToken=b03f5f7f11d50a3a" className="BLTest.BLBrandTest, BLTest, Version=1.0.0.0, Culture=neutral, PublicKeyToken=null" name="BrandUpdateErrorTest" />
    </UnitTest>
    <UnitTest name="CreateProductTypeNullErrorTest" storage="c:\users\bob\desktop\cse136_hw4\bltest\bin\debug\bltest.dll" id="7c829374-b2b7-a64c-0106-8a1c527f9eee">
      <Execution id="dc0553bb-4ab4-4549-ba37-96e8cfabca78" />
      <TestMethod codeBase="C:/Users/bob/Desktop/cse136_hw4/BLTest/bin/Debug/BLTest.DLL" adapterTypeName="Microsoft.VisualStudio.TestTools.TestTypes.Unit.UnitTestAdapter, Microsoft.VisualStudio.QualityTools.Tips.UnitTest.Adapter, Version=10.0.0.0, Culture=neutral, PublicKeyToken=b03f5f7f11d50a3a" className="BLTest.BLProductTypeTest, BLTest, Version=1.0.0.0, Culture=neutral, PublicKeyToken=null" name="CreateProductTypeNullErrorTest" />
    </UnitTest>
    <UnitTest name="CreateUserTest" storage="c:\users\bob\desktop\cse136_hw4\bltest\bin\debug\bltest.dll" id="158d2d91-82ad-445a-f6d1-cade85604603">
      <Execution id="569357c0-83b2-48e6-8ca0-9028c039f80a" />
      <TestMethod codeBase="C:/Users/bob/Desktop/cse136_hw4/BLTest/bin/Debug/BLTest.DLL" adapterTypeName="Microsoft.VisualStudio.TestTools.TestTypes.Unit.UnitTestAdapter, Microsoft.VisualStudio.QualityTools.Tips.UnitTest.Adapter, Version=10.0.0.0, Culture=neutral, PublicKeyToken=b03f5f7f11d50a3a" className="BLTest.BLUserTest, BLTest, Version=1.0.0.0, Culture=neutral, PublicKeyToken=null" name="CreateUserTest" />
    </UnitTest>
    <UnitTest name="CreateProductCuttingNullErrorTest" storage="c:\users\bob\desktop\cse136_hw4\bltest\bin\debug\bltest.dll" id="bdcd5694-6f47-8e9c-4f0a-b5a3d00cbbdc">
      <Execution id="81e20816-bfb7-4744-9e12-feb6dab1b580" />
      <TestMethod codeBase="C:/Users/bob/Desktop/cse136_hw4/BLTest/bin/Debug/BLTest.DLL" adapterTypeName="Microsoft.VisualStudio.TestTools.TestTypes.Unit.UnitTestAdapter, Microsoft.VisualStudio.QualityTools.Tips.UnitTest.Adapter, Version=10.0.0.0, Culture=neutral, PublicKeyToken=b03f5f7f11d50a3a" className="BLTest.BLProductCuttingTest, BLTest, Version=1.0.0.0, Culture=neutral, PublicKeyToken=null" name="CreateProductCuttingNullErrorTest" />
    </UnitTest>
    <UnitTest name="CreateBrandTest" storage="c:\users\bob\desktop\cse136_hw4\bltest\bin\debug\bltest.dll" id="f7826c58-01e2-4c82-f47f-08228e891502">
      <Execution id="aabe4485-4312-4b34-82e5-9e47c71a3328" />
      <TestMethod codeBase="C:/Users/bob/Desktop/cse136_hw4/BLTest/bin/Debug/BLTest.DLL" adapterTypeName="Microsoft.VisualStudio.TestTools.TestTypes.Unit.UnitTestAdapter, Microsoft.VisualStudio.QualityTools.Tips.UnitTest.Adapter, Version=10.0.0.0, Culture=neutral, PublicKeyToken=b03f5f7f11d50a3a" className="BLTest.BLBrandTest, BLTest, Version=1.0.0.0, Culture=neutral, PublicKeyToken=null" name="CreateBrandTest" />
    </UnitTest>
    <UnitTest name="UpdateOrderTest" storage="c:\users\bob\desktop\cse136_hw4\bltest\bin\debug\bltest.dll" id="73a2a41e-edaf-9b15-53d0-e9a56dfdd209">
      <Execution id="17aca86f-4201-4068-b8e4-2170033bbed5" />
      <TestMethod codeBase="C:/Users/bob/Desktop/cse136_hw4/BLTest/bin/Debug/BLTest.DLL" adapterTypeName="Microsoft.VisualStudio.TestTools.TestTypes.Unit.UnitTestAdapter, Microsoft.VisualStudio.QualityTools.Tips.UnitTest.Adapter, Version=10.0.0.0, Culture=neutral, PublicKeyToken=b03f5f7f11d50a3a" className="BLTest.BLOrdersTest, BLTest, Version=1.0.0.0, Culture=neutral, PublicKeyToken=null" name="UpdateOrderTest" />
    </UnitTest>
    <UnitTest name="UpdateProductTypeTest" storage="c:\users\bob\desktop\cse136_hw4\bltest\bin\debug\bltest.dll" id="749e2125-91f3-366c-3cc9-5d757c5d89fc">
      <Execution id="8eea46ab-592c-4e3c-a16d-3664884ad224" />
      <TestMethod codeBase="C:/Users/bob/Desktop/cse136_hw4/BLTest/bin/Debug/BLTest.DLL" adapterTypeName="Microsoft.VisualStudio.TestTools.TestTypes.Unit.UnitTestAdapter, Microsoft.VisualStudio.QualityTools.Tips.UnitTest.Adapter, Version=10.0.0.0, Culture=neutral, PublicKeyToken=b03f5f7f11d50a3a" className="BLTest.BLProductTypeTest, BLTest, Version=1.0.0.0, Culture=neutral, PublicKeyToken=null" name="UpdateProductTypeTest" />
    </UnitTest>
    <UnitTest name="CreatePVTest" storage="c:\users\bob\desktop\cse136_hw4\bltest\bin\debug\bltest.dll" id="32befc5b-2805-679f-e132-a2c900e50a08">
      <Execution id="b74e9a16-3574-49d9-a734-a97a93e937d7" />
      <TestMethod codeBase="C:/Users/bob/Desktop/cse136_hw4/BLTest/bin/Debug/BLTest.DLL" adapterTypeName="Microsoft.VisualStudio.TestTools.TestTypes.Unit.UnitTestAdapter, Microsoft.VisualStudio.QualityTools.Tips.UnitTest.Adapter, Version=10.0.0.0, Culture=neutral, PublicKeyToken=b03f5f7f11d50a3a" className="BLTest.BLProductVariationTest, BLTest, Version=1.0.0.0, Culture=neutral, PublicKeyToken=null" name="CreatePVTest" />
    </UnitTest>
    <UnitTest name="CreateProductTypeErrorTest" storage="c:\users\bob\desktop\cse136_hw4\bltest\bin\debug\bltest.dll" id="bfb23467-9ed6-2af2-a378-dc1e9bbf5b26">
      <Execution id="bcdfb44b-78d3-4f3d-8e13-5cb36f94267f" />
      <TestMethod codeBase="C:/Users/bob/Desktop/cse136_hw4/BLTest/bin/Debug/BLTest.DLL" adapterTypeName="Microsoft.VisualStudio.TestTools.TestTypes.Unit.UnitTestAdapter, Microsoft.VisualStudio.QualityTools.Tips.UnitTest.Adapter, Version=10.0.0.0, Culture=neutral, PublicKeyToken=b03f5f7f11d50a3a" className="BLTest.BLProductTypeTest, BLTest, Version=1.0.0.0, Culture=neutral, PublicKeyToken=null" name="CreateProductTypeErrorTest" />
    </UnitTest>
    <UnitTest name="ProductUpdateErrorTest" storage="c:\users\bob\desktop\cse136_hw4\bltest\bin\debug\bltest.dll" id="c6b026e9-3960-4229-9874-a43b265d5ac5">
      <Execution id="1cb159d5-2d7a-4e18-af68-9f285c3df6ed" />
      <TestMethod codeBase="C:/Users/bob/Desktop/cse136_hw4/BLTest/bin/Debug/BLTest.DLL" adapterTypeName="Microsoft.VisualStudio.TestTools.TestTypes.Unit.UnitTestAdapter, Microsoft.VisualStudio.QualityTools.Tips.UnitTest.Adapter, Version=10.0.0.0, Culture=neutral, PublicKeyToken=b03f5f7f11d50a3a" className="BLTest.BLProductTest, BLTest, Version=1.0.0.0, Culture=neutral, PublicKeyToken=null" name="ProductUpdateErrorTest" />
    </UnitTest>
    <UnitTest name="ProductCuttingUpdateErrorTest" storage="c:\users\bob\desktop\cse136_hw4\bltest\bin\debug\bltest.dll" id="2de277d9-37a5-c97d-c930-1d6c85ec007a">
      <Execution id="9d6c2ab6-ae3c-478d-8e4f-b35add5302f1" />
      <TestMethod codeBase="C:/Users/bob/Desktop/cse136_hw4/BLTest/bin/Debug/BLTest.DLL" adapterTypeName="Microsoft.VisualStudio.TestTools.TestTypes.Unit.UnitTestAdapter, Microsoft.VisualStudio.QualityTools.Tips.UnitTest.Adapter, Version=10.0.0.0, Culture=neutral, PublicKeyToken=b03f5f7f11d50a3a" className="BLTest.BLProductCuttingTest, BLTest, Version=1.0.0.0, Culture=neutral, PublicKeyToken=null" name="ProductCuttingUpdateErrorTest" />
    </UnitTest>
    <UnitTest name="UpdateProductVariationInfoTest" storage="c:\users\bob\desktop\cse136_hw4\bltest\bin\debug\bltest.dll" id="17a47e80-72b2-0437-6c34-884341a72cbe">
      <Execution id="470807f2-039b-4c9c-ac41-9ac03fb860de" />
      <TestMethod codeBase="C:/Users/bob/Desktop/cse136_hw4/BLTest/bin/Debug/BLTest.DLL" adapterTypeName="Microsoft.VisualStudio.TestTools.TestTypes.Unit.UnitTestAdapter, Microsoft.VisualStudio.QualityTools.Tips.UnitTest.Adapter, Version=10.0.0.0, Culture=neutral, PublicKeyToken=b03f5f7f11d50a3a" className="BLTest.BLProductVariationTest, BLTest, Version=1.0.0.0, Culture=neutral, PublicKeyToken=null" name="UpdateProductVariationInfoTest" />
    </UnitTest>
    <UnitTest name="CreateProductColorErrorTest" storage="c:\users\bob\desktop\cse136_hw4\bltest\bin\debug\bltest.dll" id="1381d89d-e61a-d0f1-323e-009145c998cd">
      <Execution id="b083fd7f-25fd-4696-9911-3bbbf67a2624" />
      <TestMethod codeBase="C:/Users/bob/Desktop/cse136_hw4/BLTest/bin/Debug/BLTest.DLL" adapterTypeName="Microsoft.VisualStudio.TestTools.TestTypes.Unit.UnitTestAdapter, Microsoft.VisualStudio.QualityTools.Tips.UnitTest.Adapter, Version=10.0.0.0, Culture=neutral, PublicKeyToken=b03f5f7f11d50a3a" className="BLTest.BLProductColorTest, BLTest, Version=1.0.0.0, Culture=neutral, PublicKeyToken=null" name="CreateProductColorErrorTest" />
    </UnitTest>
    <UnitTest name="ProductCuttingReadErrorTest" storage="c:\users\bob\desktop\cse136_hw4\bltest\bin\debug\bltest.dll" id="b22f890b-2fb2-8bc9-6072-6c13741d1a72">
      <Execution id="9639d4d4-8247-4790-9199-6be22d96ccaf" />
      <TestMethod codeBase="C:/Users/bob/Desktop/cse136_hw4/BLTest/bin/Debug/BLTest.DLL" adapterTypeName="Microsoft.VisualStudio.TestTools.TestTypes.Unit.UnitTestAdapter, Microsoft.VisualStudio.QualityTools.Tips.UnitTest.Adapter, Version=10.0.0.0, Culture=neutral, PublicKeyToken=b03f5f7f11d50a3a" className="BLTest.BLProductCuttingTest, BLTest, Version=1.0.0.0, Culture=neutral, PublicKeyToken=null" name="ProductCuttingReadErrorTest" />
    </UnitTest>
    <UnitTest name="UpdateOrderItemTest" storage="c:\users\bob\desktop\cse136_hw4\bltest\bin\debug\bltest.dll" id="9ab46af0-2743-cf89-1d6c-179a016f19ed">
      <Execution id="115dec7c-59e6-4888-bf3f-68fd81dce2c2" />
      <TestMethod codeBase="C:/Users/bob/Desktop/cse136_hw4/BLTest/bin/Debug/BLTest.DLL" adapterTypeName="Microsoft.VisualStudio.TestTools.TestTypes.Unit.UnitTestAdapter, Microsoft.VisualStudio.QualityTools.Tips.UnitTest.Adapter, Version=10.0.0.0, Culture=neutral, PublicKeyToken=b03f5f7f11d50a3a" className="BLTest.BLOrderItemTest, BLTest, Version=1.0.0.0, Culture=neutral, PublicKeyToken=null" name="UpdateOrderItemTest" />
    </UnitTest>
    <UnitTest name="DeleteOrderTest" storage="c:\users\bob\desktop\cse136_hw4\bltest\bin\debug\bltest.dll" id="493a7605-2b5d-6b34-77c0-38590edb775c">
      <Execution id="d53fef6a-644a-440e-8e2a-490a15fa957a" />
      <TestMethod codeBase="C:/Users/bob/Desktop/cse136_hw4/BLTest/bin/Debug/BLTest.DLL" adapterTypeName="Microsoft.VisualStudio.TestTools.TestTypes.Unit.UnitTestAdapter, Microsoft.VisualStudio.QualityTools.Tips.UnitTest.Adapter, Version=10.0.0.0, Culture=neutral, PublicKeyToken=b03f5f7f11d50a3a" className="BLTest.BLOrdersTest, BLTest, Version=1.0.0.0, Culture=neutral, PublicKeyToken=null" name="DeleteOrderTest" />
    </UnitTest>
    <UnitTest name="CreateProductColorNullErrorTest" storage="c:\users\bob\desktop\cse136_hw4\bltest\bin\debug\bltest.dll" id="72a23555-32b2-8606-9cd7-3ffb7f93b94d">
      <Execution id="f1208d8b-ffb8-430f-952f-fd98fdcd026c" />
      <TestMethod codeBase="C:/Users/bob/Desktop/cse136_hw4/BLTest/bin/Debug/BLTest.DLL" adapterTypeName="Microsoft.VisualStudio.TestTools.TestTypes.Unit.UnitTestAdapter, Microsoft.VisualStudio.QualityTools.Tips.UnitTest.Adapter, Version=10.0.0.0, Culture=neutral, PublicKeyToken=b03f5f7f11d50a3a" className="BLTest.BLProductColorTest, BLTest, Version=1.0.0.0, Culture=neutral, PublicKeyToken=null" name="CreateProductColorNullErrorTest" />
    </UnitTest>
    <UnitTest name="CreateProductColorTest" storage="c:\users\bob\desktop\cse136_hw4\bltest\bin\debug\bltest.dll" id="306047c5-8044-ee12-21be-5249fd0ab8bc">
      <Execution id="beb5f4cb-5bc1-4e40-b9d3-670151d378ca" />
      <TestMethod codeBase="C:/Users/bob/Desktop/cse136_hw4/BLTest/bin/Debug/BLTest.DLL" adapterTypeName="Microsoft.VisualStudio.TestTools.TestTypes.Unit.UnitTestAdapter, Microsoft.VisualStudio.QualityTools.Tips.UnitTest.Adapter, Version=10.0.0.0, Culture=neutral, PublicKeyToken=b03f5f7f11d50a3a" className="BLTest.BLProductColorTest, BLTest, Version=1.0.0.0, Culture=neutral, PublicKeyToken=null" name="CreateProductColorTest" />
    </UnitTest>
    <UnitTest name="CreateProductErrorTest" storage="c:\users\bob\desktop\cse136_hw4\bltest\bin\debug\bltest.dll" id="4984de8b-0f11-84fe-96e4-b08c00e8db25">
      <Execution id="edf9e227-5c36-49ad-a69a-9ef99f07a7c1" />
      <TestMethod codeBase="C:/Users/bob/Desktop/cse136_hw4/BLTest/bin/Debug/BLTest.DLL" adapterTypeName="Microsoft.VisualStudio.TestTools.TestTypes.Unit.UnitTestAdapter, Microsoft.VisualStudio.QualityTools.Tips.UnitTest.Adapter, Version=10.0.0.0, Culture=neutral, PublicKeyToken=b03f5f7f11d50a3a" className="BLTest.BLProductTest, BLTest, Version=1.0.0.0, Culture=neutral, PublicKeyToken=null" name="CreateProductErrorTest" />
    </UnitTest>
    <UnitTest name="ReadUserTest" storage="c:\users\bob\desktop\cse136_hw4\bltest\bin\debug\bltest.dll" id="f3f8f937-4c7c-939b-ae77-fc501524ffbb">
      <Execution id="74ba185d-0bd4-4899-892c-2f036754b509" />
      <TestMethod codeBase="C:/Users/bob/Desktop/cse136_hw4/BLTest/bin/Debug/BLTest.DLL" adapterTypeName="Microsoft.VisualStudio.TestTools.TestTypes.Unit.UnitTestAdapter, Microsoft.VisualStudio.QualityTools.Tips.UnitTest.Adapter, Version=10.0.0.0, Culture=neutral, PublicKeyToken=b03f5f7f11d50a3a" className="BLTest.BLUserTest, BLTest, Version=1.0.0.0, Culture=neutral, PublicKeyToken=null" name="ReadUserTest" />
    </UnitTest>
    <UnitTest name="ProductColorUpdateErrorTest" storage="c:\users\bob\desktop\cse136_hw4\bltest\bin\debug\bltest.dll" id="9cf39b8e-04c2-b861-736b-953b0b495874">
      <Execution id="f528693b-cf5c-4403-a9c9-4cfd5fef76b2" />
      <TestMethod codeBase="C:/Users/bob/Desktop/cse136_hw4/BLTest/bin/Debug/BLTest.DLL" adapterTypeName="Microsoft.VisualStudio.TestTools.TestTypes.Unit.UnitTestAdapter, Microsoft.VisualStudio.QualityTools.Tips.UnitTest.Adapter, Version=10.0.0.0, Culture=neutral, PublicKeyToken=b03f5f7f11d50a3a" className="BLTest.BLProductColorTest, BLTest, Version=1.0.0.0, Culture=neutral, PublicKeyToken=null" name="ProductColorUpdateErrorTest" />
    </UnitTest>
    <UnitTest name="UpdateProductCuttingTest" storage="c:\users\bob\desktop\cse136_hw4\bltest\bin\debug\bltest.dll" id="ad76f5b9-eef6-7da3-02e0-bcb403ffa630">
      <Execution id="e550e2ba-c629-4d3f-bc7c-f2234b639690" />
      <TestMethod codeBase="C:/Users/bob/Desktop/cse136_hw4/BLTest/bin/Debug/BLTest.DLL" adapterTypeName="Microsoft.VisualStudio.TestTools.TestTypes.Unit.UnitTestAdapter, Microsoft.VisualStudio.QualityTools.Tips.UnitTest.Adapter, Version=10.0.0.0, Culture=neutral, PublicKeyToken=b03f5f7f11d50a3a" className="BLTest.BLProductCuttingTest, BLTest, Version=1.0.0.0, Culture=neutral, PublicKeyToken=null" name="UpdateProductCuttingTest" />
    </UnitTest>
    <UnitTest name="ReadAllProductTest" storage="c:\users\bob\desktop\cse136_hw4\bltest\bin\debug\bltest.dll" id="0a828938-db60-83a2-bc54-b0d9d2623a89">
      <Execution id="27e8d75e-8fe6-4975-b2e7-f73a40cd7139" />
      <TestMethod codeBase="C:/Users/bob/Desktop/cse136_hw4/BLTest/bin/Debug/BLTest.DLL" adapterTypeName="Microsoft.VisualStudio.TestTools.TestTypes.Unit.UnitTestAdapter, Microsoft.VisualStudio.QualityTools.Tips.UnitTest.Adapter, Version=10.0.0.0, Culture=neutral, PublicKeyToken=b03f5f7f11d50a3a" className="BLTest.BLProductTest, BLTest, Version=1.0.0.0, Culture=neutral, PublicKeyToken=null" name="ReadAllProductTest" />
    </UnitTest>
    <UnitTest name="ReadOrderItemsTest" storage="c:\users\bob\desktop\cse136_hw4\bltest\bin\debug\bltest.dll" id="2ce09c11-f985-d871-f593-05b3d3bf012b">
      <Execution id="433fe2c9-fee1-41ce-9908-f5b481e7bc15" />
      <TestMethod codeBase="C:/Users/bob/Desktop/cse136_hw4/BLTest/bin/Debug/BLTest.DLL" adapterTypeName="Microsoft.VisualStudio.TestTools.TestTypes.Unit.UnitTestAdapter, Microsoft.VisualStudio.QualityTools.Tips.UnitTest.Adapter, Version=10.0.0.0, Culture=neutral, PublicKeyToken=b03f5f7f11d50a3a" className="BLTest.BLOrderItemTest, BLTest, Version=1.0.0.0, Culture=neutral, PublicKeyToken=null" name="ReadOrderItemsTest" />
    </UnitTest>
    <UnitTest name="UpdateCustomerTest" storage="c:\users\bob\desktop\cse136_hw4\bltest\bin\debug\bltest.dll" id="ec9f8ac9-bbad-7904-9e27-a42604c75864">
      <Execution id="c3442da1-4db2-4d6b-8783-483b28bb4a85" />
      <TestMethod codeBase="C:/Users/bob/Desktop/cse136_hw4/BLTest/bin/Debug/BLTest.DLL" adapterTypeName="Microsoft.VisualStudio.TestTools.TestTypes.Unit.UnitTestAdapter, Microsoft.VisualStudio.QualityTools.Tips.UnitTest.Adapter, Version=10.0.0.0, Culture=neutral, PublicKeyToken=b03f5f7f11d50a3a" className="BLTest.BLCustomerTest, BLTest, Version=1.0.0.0, Culture=neutral, PublicKeyToken=null" name="UpdateCustomerTest" />
    </UnitTest>
    <UnitTest name="ReadCustomerListTest" storage="c:\users\bob\desktop\cse136_hw4\bltest\bin\debug\bltest.dll" id="a1263318-9a7b-fd6c-9b9f-3e717746b915">
      <Execution id="c05a3842-a511-46c4-a3ff-d5a9d50a5995" />
      <TestMethod codeBase="C:/Users/bob/Desktop/cse136_hw4/BLTest/bin/Debug/BLTest.DLL" adapterTypeName="Microsoft.VisualStudio.TestTools.TestTypes.Unit.UnitTestAdapter, Microsoft.VisualStudio.QualityTools.Tips.UnitTest.Adapter, Version=10.0.0.0, Culture=neutral, PublicKeyToken=b03f5f7f11d50a3a" className="BLTest.BLCustomerTest, BLTest, Version=1.0.0.0, Culture=neutral, PublicKeyToken=null" name="ReadCustomerListTest" />
    </UnitTest>
    <UnitTest name="CreateBrandNullErrorTest" storage="c:\users\bob\desktop\cse136_hw4\bltest\bin\debug\bltest.dll" id="1f1e50dc-302d-5d54-d1b6-de3ac7cc0579">
      <Execution id="4a51c804-e972-4561-9539-f8ab319c9102" />
      <TestMethod codeBase="C:/Users/bob/Desktop/cse136_hw4/BLTest/bin/Debug/BLTest.DLL" adapterTypeName="Microsoft.VisualStudio.TestTools.TestTypes.Unit.UnitTestAdapter, Microsoft.VisualStudio.QualityTools.Tips.UnitTest.Adapter, Version=10.0.0.0, Culture=neutral, PublicKeyToken=b03f5f7f11d50a3a" className="BLTest.BLBrandTest, BLTest, Version=1.0.0.0, Culture=neutral, PublicKeyToken=null" name="CreateBrandNullErrorTest" />
    </UnitTest>
    <UnitTest name="CreateOrderTest" storage="c:\users\bob\desktop\cse136_hw4\bltest\bin\debug\bltest.dll" id="fe9a4a1b-3bca-343b-6c6c-7b9a9abb113f">
      <Execution id="03ee88ba-76ac-4e4a-9d55-ea87a4dd4dc3" />
      <TestMethod codeBase="C:/Users/bob/Desktop/cse136_hw4/BLTest/bin/Debug/BLTest.DLL" adapterTypeName="Microsoft.VisualStudio.TestTools.TestTypes.Unit.UnitTestAdapter, Microsoft.VisualStudio.QualityTools.Tips.UnitTest.Adapter, Version=10.0.0.0, Culture=neutral, PublicKeyToken=b03f5f7f11d50a3a" className="BLTest.BLOrdersTest, BLTest, Version=1.0.0.0, Culture=neutral, PublicKeyToken=null" name="CreateOrderTest" />
    </UnitTest>
    <UnitTest name="UpdateUserTest" storage="c:\users\bob\desktop\cse136_hw4\bltest\bin\debug\bltest.dll" id="c64b361e-3205-0c95-c097-86cdfb42cda1">
      <Execution id="52317a44-9daa-4f7f-81de-42f1c648e443" />
      <TestMethod codeBase="C:/Users/bob/Desktop/cse136_hw4/BLTest/bin/Debug/BLTest.DLL" adapterTypeName="Microsoft.VisualStudio.TestTools.TestTypes.Unit.UnitTestAdapter, Microsoft.VisualStudio.QualityTools.Tips.UnitTest.Adapter, Version=10.0.0.0, Culture=neutral, PublicKeyToken=b03f5f7f11d50a3a" className="BLTest.BLUserTest, BLTest, Version=1.0.0.0, Culture=neutral, PublicKeyToken=null" name="UpdateUserTest" />
    </UnitTest>
    <UnitTest name="ReadAllProductTypeTest" storage="c:\users\bob\desktop\cse136_hw4\bltest\bin\debug\bltest.dll" id="527f0874-7efa-38fb-4cdb-7845b6fdc52f">
      <Execution id="632242b6-3256-48e0-8047-78d3dde981cf" />
      <TestMethod codeBase="C:/Users/bob/Desktop/cse136_hw4/BLTest/bin/Debug/BLTest.DLL" adapterTypeName="Microsoft.VisualStudio.TestTools.TestTypes.Unit.UnitTestAdapter, Microsoft.VisualStudio.QualityTools.Tips.UnitTest.Adapter, Version=10.0.0.0, Culture=neutral, PublicKeyToken=b03f5f7f11d50a3a" className="BLTest.BLProductTypeTest, BLTest, Version=1.0.0.0, Culture=neutral, PublicKeyToken=null" name="ReadAllProductTypeTest" />
    </UnitTest>
    <UnitTest name="ProductTypeReadErrorTest" storage="c:\users\bob\desktop\cse136_hw4\bltest\bin\debug\bltest.dll" id="87cd62b0-6032-0378-4d78-97f7b2cf2151">
      <Execution id="de5d063d-cd6e-4bc4-a3ba-7bd65a92c496" />
      <TestMethod codeBase="C:/Users/bob/Desktop/cse136_hw4/BLTest/bin/Debug/BLTest.DLL" adapterTypeName="Microsoft.VisualStudio.TestTools.TestTypes.Unit.UnitTestAdapter, Microsoft.VisualStudio.QualityTools.Tips.UnitTest.Adapter, Version=10.0.0.0, Culture=neutral, PublicKeyToken=b03f5f7f11d50a3a" className="BLTest.BLProductTypeTest, BLTest, Version=1.0.0.0, Culture=neutral, PublicKeyToken=null" name="ProductTypeReadErrorTest" />
    </UnitTest>
    <UnitTest name="ProductVariationUpdateErrorTest" storage="c:\users\bob\desktop\cse136_hw4\bltest\bin\debug\bltest.dll" id="8ddb55d2-cc76-8371-0cab-349758d0faba">
      <Execution id="eae5f458-7c8c-46ef-b457-9251cb9cc6ba" />
      <TestMethod codeBase="C:/Users/bob/Desktop/cse136_hw4/BLTest/bin/Debug/BLTest.DLL" adapterTypeName="Microsoft.VisualStudio.TestTools.TestTypes.Unit.UnitTestAdapter, Microsoft.VisualStudio.QualityTools.Tips.UnitTest.Adapter, Version=10.0.0.0, Culture=neutral, PublicKeyToken=b03f5f7f11d50a3a" className="BLTest.BLProductVariationTest, BLTest, Version=1.0.0.0, Culture=neutral, PublicKeyToken=null" name="ProductVariationUpdateErrorTest" />
    </UnitTest>
    <UnitTest name="DeleteOrderItemTest" storage="c:\users\bob\desktop\cse136_hw4\bltest\bin\debug\bltest.dll" id="886bee7d-d334-dfe7-c238-7453c4d49aba">
      <Execution id="2dcfeca2-c420-454d-b85f-ff779ff11608" />
      <TestMethod codeBase="C:/Users/bob/Desktop/cse136_hw4/BLTest/bin/Debug/BLTest.DLL" adapterTypeName="Microsoft.VisualStudio.TestTools.TestTypes.Unit.UnitTestAdapter, Microsoft.VisualStudio.QualityTools.Tips.UnitTest.Adapter, Version=10.0.0.0, Culture=neutral, PublicKeyToken=b03f5f7f11d50a3a" className="BLTest.BLOrderItemTest, BLTest, Version=1.0.0.0, Culture=neutral, PublicKeyToken=null" name="DeleteOrderItemTest" />
    </UnitTest>
    <UnitTest name="CreateBrandErrorTest" storage="c:\users\bob\desktop\cse136_hw4\bltest\bin\debug\bltest.dll" id="8440b3dd-4629-ecb3-bea3-283361475284">
      <Execution id="3f335583-de8c-4290-aabe-24d4da17f03b" />
      <TestMethod codeBase="C:/Users/bob/Desktop/cse136_hw4/BLTest/bin/Debug/BLTest.DLL" adapterTypeName="Microsoft.VisualStudio.TestTools.TestTypes.Unit.UnitTestAdapter, Microsoft.VisualStudio.QualityTools.Tips.UnitTest.Adapter, Version=10.0.0.0, Culture=neutral, PublicKeyToken=b03f5f7f11d50a3a" className="BLTest.BLBrandTest, BLTest, Version=1.0.0.0, Culture=neutral, PublicKeyToken=null" name="CreateBrandErrorTest" />
    </UnitTest>
    <UnitTest name="ReadOrderTest" storage="c:\users\bob\desktop\cse136_hw4\bltest\bin\debug\bltest.dll" id="1b544148-93f6-a7fe-ec0a-e48ebd3d2844">
      <Execution id="6cd8c786-57ec-4367-b369-9a70ca065dd2" />
      <TestMethod codeBase="C:/Users/bob/Desktop/cse136_hw4/BLTest/bin/Debug/BLTest.DLL" adapterTypeName="Microsoft.VisualStudio.TestTools.TestTypes.Unit.UnitTestAdapter, Microsoft.VisualStudio.QualityTools.Tips.UnitTest.Adapter, Version=10.0.0.0, Culture=neutral, PublicKeyToken=b03f5f7f11d50a3a" className="BLTest.BLOrdersTest, BLTest, Version=1.0.0.0, Culture=neutral, PublicKeyToken=null" name="ReadOrderTest" />
    </UnitTest>
    <UnitTest name="CreateCustomerTest" storage="c:\users\bob\desktop\cse136_hw4\bltest\bin\debug\bltest.dll" id="f5116b98-dd2f-50c2-839b-71e219a68e4d">
      <Execution id="1959a996-b574-4f8e-bd24-833ae81b4915" />
      <TestMethod codeBase="C:/Users/bob/Desktop/cse136_hw4/BLTest/bin/Debug/BLTest.DLL" adapterTypeName="Microsoft.VisualStudio.TestTools.TestTypes.Unit.UnitTestAdapter, Microsoft.VisualStudio.QualityTools.Tips.UnitTest.Adapter, Version=10.0.0.0, Culture=neutral, PublicKeyToken=b03f5f7f11d50a3a" className="BLTest.BLCustomerTest, BLTest, Version=1.0.0.0, Culture=neutral, PublicKeyToken=null" name="CreateCustomerTest" />
    </UnitTest>
    <UnitTest name="DeleteProductVariationInfoTest" storage="c:\users\bob\desktop\cse136_hw4\bltest\bin\debug\bltest.dll" id="51e7e7bf-6ccc-542c-0d91-d03ec1c8332e">
      <Execution id="f8c976ea-30c3-451f-bbd3-0a2f5d3c5d65" />
      <TestMethod codeBase="C:/Users/bob/Desktop/cse136_hw4/BLTest/bin/Debug/BLTest.DLL" adapterTypeName="Microsoft.VisualStudio.TestTools.TestTypes.Unit.UnitTestAdapter, Microsoft.VisualStudio.QualityTools.Tips.UnitTest.Adapter, Version=10.0.0.0, Culture=neutral, PublicKeyToken=b03f5f7f11d50a3a" className="BLTest.BLProductVariationTest, BLTest, Version=1.0.0.0, Culture=neutral, PublicKeyToken=null" name="DeleteProductVariationInfoTest" />
    </UnitTest>
    <UnitTest name="CreateProductVariationErrorTest" storage="c:\users\bob\desktop\cse136_hw4\bltest\bin\debug\bltest.dll" id="2c820968-7c91-03d3-a299-ef437a4adae9">
      <Execution id="f949d996-0666-4d4d-8016-fc8e6089d226" />
      <TestMethod codeBase="C:/Users/bob/Desktop/cse136_hw4/BLTest/bin/Debug/BLTest.DLL" adapterTypeName="Microsoft.VisualStudio.TestTools.TestTypes.Unit.UnitTestAdapter, Microsoft.VisualStudio.QualityTools.Tips.UnitTest.Adapter, Version=10.0.0.0, Culture=neutral, PublicKeyToken=b03f5f7f11d50a3a" className="BLTest.BLProductVariationTest, BLTest, Version=1.0.0.0, Culture=neutral, PublicKeyToken=null" name="CreateProductVariationErrorTest" />
    </UnitTest>
    <UnitTest name="UpdateProductTest" storage="c:\users\bob\desktop\cse136_hw4\bltest\bin\debug\bltest.dll" id="fceb51c8-60ab-9dba-9bc5-68eec453d8bc">
      <Execution id="0cc2254f-27ab-475d-ae20-417ae8a69cd5" />
      <TestMethod codeBase="C:/Users/bob/Desktop/cse136_hw4/BLTest/bin/Debug/BLTest.DLL" adapterTypeName="Microsoft.VisualStudio.TestTools.TestTypes.Unit.UnitTestAdapter, Microsoft.VisualStudio.QualityTools.Tips.UnitTest.Adapter, Version=10.0.0.0, Culture=neutral, PublicKeyToken=b03f5f7f11d50a3a" className="BLTest.BLProductTest, BLTest, Version=1.0.0.0, Culture=neutral, PublicKeyToken=null" name="UpdateProductTest" />
    </UnitTest>
    <UnitTest name="BrandReadErrorTest" storage="c:\users\bob\desktop\cse136_hw4\bltest\bin\debug\bltest.dll" id="cddde496-20c6-4b8e-d5cd-072a15f2fccb">
      <Execution id="58049297-a1ef-4fce-8579-4279b4867629" />
      <TestMethod codeBase="C:/Users/bob/Desktop/cse136_hw4/BLTest/bin/Debug/BLTest.DLL" adapterTypeName="Microsoft.VisualStudio.TestTools.TestTypes.Unit.UnitTestAdapter, Microsoft.VisualStudio.QualityTools.Tips.UnitTest.Adapter, Version=10.0.0.0, Culture=neutral, PublicKeyToken=b03f5f7f11d50a3a" className="BLTest.BLBrandTest, BLTest, Version=1.0.0.0, Culture=neutral, PublicKeyToken=null" name="BrandReadErrorTest" />
    </UnitTest>
    <UnitTest name="ReadAllBrandTest" storage="c:\users\bob\desktop\cse136_hw4\bltest\bin\debug\bltest.dll" id="44c316ef-e570-09f1-f2c1-54180c893f98">
      <Execution id="ad7ca793-0d25-4a75-ae1e-40540f71c8b6" />
      <TestMethod codeBase="C:/Users/bob/Desktop/cse136_hw4/BLTest/bin/Debug/BLTest.DLL" adapterTypeName="Microsoft.VisualStudio.TestTools.TestTypes.Unit.UnitTestAdapter, Microsoft.VisualStudio.QualityTools.Tips.UnitTest.Adapter, Version=10.0.0.0, Culture=neutral, PublicKeyToken=b03f5f7f11d50a3a" className="BLTest.BLBrandTest, BLTest, Version=1.0.0.0, Culture=neutral, PublicKeyToken=null" name="ReadAllBrandTest" />
    </UnitTest>
    <UnitTest name="CreateProductNullErrorTest" storage="c:\users\bob\desktop\cse136_hw4\bltest\bin\debug\bltest.dll" id="d2636e01-07d3-8d97-7e57-ab6725f5e972">
      <Execution id="d9974900-0e00-405d-afec-85b0911fa5db" />
      <TestMethod codeBase="C:/Users/bob/Desktop/cse136_hw4/BLTest/bin/Debug/BLTest.DLL" adapterTypeName="Microsoft.VisualStudio.TestTools.TestTypes.Unit.UnitTestAdapter, Microsoft.VisualStudio.QualityTools.Tips.UnitTest.Adapter, Version=10.0.0.0, Culture=neutral, PublicKeyToken=b03f5f7f11d50a3a" className="BLTest.BLProductTest, BLTest, Version=1.0.0.0, Culture=neutral, PublicKeyToken=null" name="CreateProductNullErrorTest" />
    </UnitTest>
    <UnitTest name="ReadAllProductCuttingTest" storage="c:\users\bob\desktop\cse136_hw4\bltest\bin\debug\bltest.dll" id="6567eec0-603e-0c1c-b63c-38e9a20c4df4">
      <Execution id="3e63b6aa-6c4e-4e9e-88f7-90fd6cd6bfee" />
      <TestMethod codeBase="C:/Users/bob/Desktop/cse136_hw4/BLTest/bin/Debug/BLTest.DLL" adapterTypeName="Microsoft.VisualStudio.TestTools.TestTypes.Unit.UnitTestAdapter, Microsoft.VisualStudio.QualityTools.Tips.UnitTest.Adapter, Version=10.0.0.0, Culture=neutral, PublicKeyToken=b03f5f7f11d50a3a" className="BLTest.BLProductCuttingTest, BLTest, Version=1.0.0.0, Culture=neutral, PublicKeyToken=null" name="ReadAllProductCuttingTest" />
    </UnitTest>
    <UnitTest name="CreateProductTypeTest" storage="c:\users\bob\desktop\cse136_hw4\bltest\bin\debug\bltest.dll" id="1e60bab5-dba5-e699-f6b8-0811bd4de6e3">
      <Execution id="d2a7bbbf-1cbf-4ef5-8c53-6310206996ee" />
      <TestMethod codeBase="C:/Users/bob/Desktop/cse136_hw4/BLTest/bin/Debug/BLTest.DLL" adapterTypeName="Microsoft.VisualStudio.TestTools.TestTypes.Unit.UnitTestAdapter, Microsoft.VisualStudio.QualityTools.Tips.UnitTest.Adapter, Version=10.0.0.0, Culture=neutral, PublicKeyToken=b03f5f7f11d50a3a" className="BLTest.BLProductTypeTest, BLTest, Version=1.0.0.0, Culture=neutral, PublicKeyToken=null" name="CreateProductTypeTest" />
    </UnitTest>
    <UnitTest name="ReadAllProductColorTest" storage="c:\users\bob\desktop\cse136_hw4\bltest\bin\debug\bltest.dll" id="53956050-dfb2-bc6f-a53b-1e274204bdd8">
      <Execution id="874f43ac-6754-4d7b-91cd-5c315fad779d" />
      <TestMethod codeBase="C:/Users/bob/Desktop/cse136_hw4/BLTest/bin/Debug/BLTest.DLL" adapterTypeName="Microsoft.VisualStudio.TestTools.TestTypes.Unit.UnitTestAdapter, Microsoft.VisualStudio.QualityTools.Tips.UnitTest.Adapter, Version=10.0.0.0, Culture=neutral, PublicKeyToken=b03f5f7f11d50a3a" className="BLTest.BLProductColorTest, BLTest, Version=1.0.0.0, Culture=neutral, PublicKeyToken=null" name="ReadAllProductColorTest" />
    </UnitTest>
    <UnitTest name="CreateOrderItemTest" storage="c:\users\bob\desktop\cse136_hw4\bltest\bin\debug\bltest.dll" id="cc943512-d061-8a99-3a4a-22ce9199b189">
      <Execution id="4b323483-ba36-48da-9d52-758cba1c5714" />
      <TestMethod codeBase="C:/Users/bob/Desktop/cse136_hw4/BLTest/bin/Debug/BLTest.DLL" adapterTypeName="Microsoft.VisualStudio.TestTools.TestTypes.Unit.UnitTestAdapter, Microsoft.VisualStudio.QualityTools.Tips.UnitTest.Adapter, Version=10.0.0.0, Culture=neutral, PublicKeyToken=b03f5f7f11d50a3a" className="BLTest.BLOrderItemTest, BLTest, Version=1.0.0.0, Culture=neutral, PublicKeyToken=null" name="CreateOrderItemTest" />
    </UnitTest>
    <UnitTest name="ProductReadErrorTest" storage="c:\users\bob\desktop\cse136_hw4\bltest\bin\debug\bltest.dll" id="a91e9ed3-5646-12d6-93c6-af2db48c7e59">
      <Execution id="7d106545-6c59-44a4-ad90-d903819f070c" />
      <TestMethod codeBase="C:/Users/bob/Desktop/cse136_hw4/BLTest/bin/Debug/BLTest.DLL" adapterTypeName="Microsoft.VisualStudio.TestTools.TestTypes.Unit.UnitTestAdapter, Microsoft.VisualStudio.QualityTools.Tips.UnitTest.Adapter, Version=10.0.0.0, Culture=neutral, PublicKeyToken=b03f5f7f11d50a3a" className="BLTest.BLProductTest, BLTest, Version=1.0.0.0, Culture=neutral, PublicKeyToken=null" name="ProductReadErrorTest" />
    </UnitTest>
    <UnitTest name="ProductColorReadErrorTest" storage="c:\users\bob\desktop\cse136_hw4\bltest\bin\debug\bltest.dll" id="a371c641-f9b0-857d-8d7a-ba50f3ebff43">
      <Execution id="c1c522c6-6a53-4b82-b841-239d0f45864f" />
      <TestMethod codeBase="C:/Users/bob/Desktop/cse136_hw4/BLTest/bin/Debug/BLTest.DLL" adapterTypeName="Microsoft.VisualStudio.TestTools.TestTypes.Unit.UnitTestAdapter, Microsoft.VisualStudio.QualityTools.Tips.UnitTest.Adapter, Version=10.0.0.0, Culture=neutral, PublicKeyToken=b03f5f7f11d50a3a" className="BLTest.BLProductColorTest, BLTest, Version=1.0.0.0, Culture=neutral, PublicKeyToken=null" name="ProductColorReadErrorTest" />
    </UnitTest>
    <UnitTest name="DeleteUserTest" storage="c:\users\bob\desktop\cse136_hw4\bltest\bin\debug\bltest.dll" id="924a726f-7065-3789-c891-f57af25f387b">
      <Execution id="805ce0df-80e0-4351-93c9-62ebd7515e78" />
      <TestMethod codeBase="C:/Users/bob/Desktop/cse136_hw4/BLTest/bin/Debug/BLTest.DLL" adapterTypeName="Microsoft.VisualStudio.TestTools.TestTypes.Unit.UnitTestAdapter, Microsoft.VisualStudio.QualityTools.Tips.UnitTest.Adapter, Version=10.0.0.0, Culture=neutral, PublicKeyToken=b03f5f7f11d50a3a" className="BLTest.BLUserTest, BLTest, Version=1.0.0.0, Culture=neutral, PublicKeyToken=null" name="DeleteUserTest" />
    </UnitTest>
    <UnitTest name="UpdateBrandTest" storage="c:\users\bob\desktop\cse136_hw4\bltest\bin\debug\bltest.dll" id="6724fe7d-3a6e-82e1-5e9c-bfae58cb851f">
      <Execution id="14f7cdf0-04b7-40b9-98da-1051dbbc3b9e" />
      <TestMethod codeBase="C:/Users/bob/Desktop/cse136_hw4/BLTest/bin/Debug/BLTest.DLL" adapterTypeName="Microsoft.VisualStudio.TestTools.TestTypes.Unit.UnitTestAdapter, Microsoft.VisualStudio.QualityTools.Tips.UnitTest.Adapter, Version=10.0.0.0, Culture=neutral, PublicKeyToken=b03f5f7f11d50a3a" className="BLTest.BLBrandTest, BLTest, Version=1.0.0.0, Culture=neutral, PublicKeyToken=null" name="UpdateBrandTest" />
    </UnitTest>
    <UnitTest name="ReadAllPVTest" storage="c:\users\bob\desktop\cse136_hw4\bltest\bin\debug\bltest.dll" id="83def0be-13ed-eb0c-cf34-39cb5d72d47e">
      <Execution id="2fef7c97-09e1-463f-aac9-5c2e24502b3d" />
      <TestMethod codeBase="C:/Users/bob/Desktop/cse136_hw4/BLTest/bin/Debug/BLTest.DLL" adapterTypeName="Microsoft.VisualStudio.TestTools.TestTypes.Unit.UnitTestAdapter, Microsoft.VisualStudio.QualityTools.Tips.UnitTest.Adapter, Version=10.0.0.0, Culture=neutral, PublicKeyToken=b03f5f7f11d50a3a" className="BLTest.BLProductVariationTest, BLTest, Version=1.0.0.0, Culture=neutral, PublicKeyToken=null" name="ReadAllPVTest" />
    </UnitTest>
    <UnitTest name="CreateProductTest" storage="c:\users\bob\desktop\cse136_hw4\bltest\bin\debug\bltest.dll" id="a5af5316-0907-aef9-72aa-1e7958fc3974">
      <Execution id="d0ee3f76-c1b2-4250-8a85-8395db2f0052" />
      <TestMethod codeBase="C:/Users/bob/Desktop/cse136_hw4/BLTest/bin/Debug/BLTest.DLL" adapterTypeName="Microsoft.VisualStudio.TestTools.TestTypes.Unit.UnitTestAdapter, Microsoft.VisualStudio.QualityTools.Tips.UnitTest.Adapter, Version=10.0.0.0, Culture=neutral, PublicKeyToken=b03f5f7f11d50a3a" className="BLTest.BLProductTest, BLTest, Version=1.0.0.0, Culture=neutral, PublicKeyToken=null" name="CreateProductTest" />
    </UnitTest>
    <UnitTest name="CreateProductCuttingErrorTest" storage="c:\users\bob\desktop\cse136_hw4\bltest\bin\debug\bltest.dll" id="906cdd9a-e41c-b869-1786-a4ffe476ad69">
      <Execution id="ba68c148-2799-405d-9a69-dcf7074382aa" />
      <TestMethod codeBase="C:/Users/bob/Desktop/cse136_hw4/BLTest/bin/Debug/BLTest.DLL" adapterTypeName="Microsoft.VisualStudio.TestTools.TestTypes.Unit.UnitTestAdapter, Microsoft.VisualStudio.QualityTools.Tips.UnitTest.Adapter, Version=10.0.0.0, Culture=neutral, PublicKeyToken=b03f5f7f11d50a3a" className="BLTest.BLProductCuttingTest, BLTest, Version=1.0.0.0, Culture=neutral, PublicKeyToken=null" name="CreateProductCuttingErrorTest" />
    </UnitTest>
    <UnitTest name="ProductTypeUpdateErrorTest" storage="c:\users\bob\desktop\cse136_hw4\bltest\bin\debug\bltest.dll" id="c67b2499-e7a4-2b19-624b-77fbc4aeac92">
      <Execution id="5e8f6af7-1ae6-4c92-af1e-d25128d6981d" />
      <TestMethod codeBase="C:/Users/bob/Desktop/cse136_hw4/BLTest/bin/Debug/BLTest.DLL" adapterTypeName="Microsoft.VisualStudio.TestTools.TestTypes.Unit.UnitTestAdapter, Microsoft.VisualStudio.QualityTools.Tips.UnitTest.Adapter, Version=10.0.0.0, Culture=neutral, PublicKeyToken=b03f5f7f11d50a3a" className="BLTest.BLProductTypeTest, BLTest, Version=1.0.0.0, Culture=neutral, PublicKeyToken=null" name="ProductTypeUpdateErrorTest" />
    </UnitTest>
    <UnitTest name="CreateProductCuttingTest" storage="c:\users\bob\desktop\cse136_hw4\bltest\bin\debug\bltest.dll" id="4068bac0-9c67-8bcf-fe66-d8581e88d686">
      <Execution id="239d1f5f-34f3-4bf9-ac3c-7bb2a6dd5f59" />
      <TestMethod codeBase="C:/Users/bob/Desktop/cse136_hw4/BLTest/bin/Debug/BLTest.DLL" adapterTypeName="Microsoft.VisualStudio.TestTools.TestTypes.Unit.UnitTestAdapter, Microsoft.VisualStudio.QualityTools.Tips.UnitTest.Adapter, Version=10.0.0.0, Culture=neutral, PublicKeyToken=b03f5f7f11d50a3a" className="BLTest.BLProductCuttingTest, BLTest, Version=1.0.0.0, Culture=neutral, PublicKeyToken=null" name="CreateProductCuttingTest" />
    </UnitTest>
    <UnitTest name="UpdateProductColorTest" storage="c:\users\bob\desktop\cse136_hw4\bltest\bin\debug\bltest.dll" id="dc348301-aaee-9d57-e85e-e7bdc8bf9c91">
      <Execution id="b5be16bb-3da3-400c-9e55-b4c77eab7f12" />
      <TestMethod codeBase="C:/Users/bob/Desktop/cse136_hw4/BLTest/bin/Debug/BLTest.DLL" adapterTypeName="Microsoft.VisualStudio.TestTools.TestTypes.Unit.UnitTestAdapter, Microsoft.VisualStudio.QualityTools.Tips.UnitTest.Adapter, Version=10.0.0.0, Culture=neutral, PublicKeyToken=b03f5f7f11d50a3a" className="BLTest.BLProductColorTest, BLTest, Version=1.0.0.0, Culture=neutral, PublicKeyToken=null" name="UpdateProductColorTest" />
    </UnitTest>
    <UnitTest name="ReadOrderItemTest" storage="c:\users\bob\desktop\cse136_hw4\bltest\bin\debug\bltest.dll" id="cb576a10-2d92-ab9f-8fcd-b9bd7c8e4579">
      <Execution id="2352a6f4-e128-49f9-a50a-7d9dfb121903" />
      <TestMethod codeBase="C:/Users/bob/Desktop/cse136_hw4/BLTest/bin/Debug/BLTest.DLL" adapterTypeName="Microsoft.VisualStudio.TestTools.TestTypes.Unit.UnitTestAdapter, Microsoft.VisualStudio.QualityTools.Tips.UnitTest.Adapter, Version=10.0.0.0, Culture=neutral, PublicKeyToken=b03f5f7f11d50a3a" className="BLTest.BLOrderItemTest, BLTest, Version=1.0.0.0, Culture=neutral, PublicKeyToken=null" name="ReadOrderItemTest" />
    </UnitTest>
  </TestDefinitions>
  <TestLists>
    <TestList name="Results Not in a List" id="8c84fa94-04c1-424b-9868-57a2d4851a1d" />
    <TestList name="All Loaded Results" id="19431567-8539-422a-85d7-44ee4e166bda" />
  </TestLists>
  <TestEntries>
    <TestEntry testId="0a828938-db60-83a2-bc54-b0d9d2623a89" executionId="27e8d75e-8fe6-4975-b2e7-f73a40cd7139" testListId="8c84fa94-04c1-424b-9868-57a2d4851a1d" />
    <TestEntry testId="1381d89d-e61a-d0f1-323e-009145c998cd" executionId="b083fd7f-25fd-4696-9911-3bbbf67a2624" testListId="8c84fa94-04c1-424b-9868-57a2d4851a1d" />
    <TestEntry testId="158d2d91-82ad-445a-f6d1-cade85604603" executionId="569357c0-83b2-48e6-8ca0-9028c039f80a" testListId="8c84fa94-04c1-424b-9868-57a2d4851a1d" />
    <TestEntry testId="17a47e80-72b2-0437-6c34-884341a72cbe" executionId="470807f2-039b-4c9c-ac41-9ac03fb860de" testListId="8c84fa94-04c1-424b-9868-57a2d4851a1d" />
    <TestEntry testId="1b544148-93f6-a7fe-ec0a-e48ebd3d2844" executionId="6cd8c786-57ec-4367-b369-9a70ca065dd2" testListId="8c84fa94-04c1-424b-9868-57a2d4851a1d" />
    <TestEntry testId="1e60bab5-dba5-e699-f6b8-0811bd4de6e3" executionId="d2a7bbbf-1cbf-4ef5-8c53-6310206996ee" testListId="8c84fa94-04c1-424b-9868-57a2d4851a1d" />
    <TestEntry testId="1f1e50dc-302d-5d54-d1b6-de3ac7cc0579" executionId="4a51c804-e972-4561-9539-f8ab319c9102" testListId="8c84fa94-04c1-424b-9868-57a2d4851a1d" />
    <TestEntry testId="2c820968-7c91-03d3-a299-ef437a4adae9" executionId="f949d996-0666-4d4d-8016-fc8e6089d226" testListId="8c84fa94-04c1-424b-9868-57a2d4851a1d" />
    <TestEntry testId="2ce09c11-f985-d871-f593-05b3d3bf012b" executionId="433fe2c9-fee1-41ce-9908-f5b481e7bc15" testListId="8c84fa94-04c1-424b-9868-57a2d4851a1d" />
    <TestEntry testId="2de277d9-37a5-c97d-c930-1d6c85ec007a" executionId="9d6c2ab6-ae3c-478d-8e4f-b35add5302f1" testListId="8c84fa94-04c1-424b-9868-57a2d4851a1d" />
    <TestEntry testId="306047c5-8044-ee12-21be-5249fd0ab8bc" executionId="beb5f4cb-5bc1-4e40-b9d3-670151d378ca" testListId="8c84fa94-04c1-424b-9868-57a2d4851a1d" />
    <TestEntry testId="32befc5b-2805-679f-e132-a2c900e50a08" executionId="b74e9a16-3574-49d9-a734-a97a93e937d7" testListId="8c84fa94-04c1-424b-9868-57a2d4851a1d" />
    <TestEntry testId="4068bac0-9c67-8bcf-fe66-d8581e88d686" executionId="239d1f5f-34f3-4bf9-ac3c-7bb2a6dd5f59" testListId="8c84fa94-04c1-424b-9868-57a2d4851a1d" />
    <TestEntry testId="44c316ef-e570-09f1-f2c1-54180c893f98" executionId="ad7ca793-0d25-4a75-ae1e-40540f71c8b6" testListId="8c84fa94-04c1-424b-9868-57a2d4851a1d" />
    <TestEntry testId="493a7605-2b5d-6b34-77c0-38590edb775c" executionId="d53fef6a-644a-440e-8e2a-490a15fa957a" testListId="8c84fa94-04c1-424b-9868-57a2d4851a1d" />
    <TestEntry testId="4984de8b-0f11-84fe-96e4-b08c00e8db25" executionId="edf9e227-5c36-49ad-a69a-9ef99f07a7c1" testListId="8c84fa94-04c1-424b-9868-57a2d4851a1d" />
    <TestEntry testId="51e7e7bf-6ccc-542c-0d91-d03ec1c8332e" executionId="f8c976ea-30c3-451f-bbd3-0a2f5d3c5d65" testListId="8c84fa94-04c1-424b-9868-57a2d4851a1d" />
    <TestEntry testId="527f0874-7efa-38fb-4cdb-7845b6fdc52f" executionId="632242b6-3256-48e0-8047-78d3dde981cf" testListId="8c84fa94-04c1-424b-9868-57a2d4851a1d" />
    <TestEntry testId="53956050-dfb2-bc6f-a53b-1e274204bdd8" executionId="874f43ac-6754-4d7b-91cd-5c315fad779d" testListId="8c84fa94-04c1-424b-9868-57a2d4851a1d" />
    <TestEntry testId="6567eec0-603e-0c1c-b63c-38e9a20c4df4" executionId="3e63b6aa-6c4e-4e9e-88f7-90fd6cd6bfee" testListId="8c84fa94-04c1-424b-9868-57a2d4851a1d" />
    <TestEntry testId="6724fe7d-3a6e-82e1-5e9c-bfae58cb851f" executionId="14f7cdf0-04b7-40b9-98da-1051dbbc3b9e" testListId="8c84fa94-04c1-424b-9868-57a2d4851a1d" />
    <TestEntry testId="72a23555-32b2-8606-9cd7-3ffb7f93b94d" executionId="f1208d8b-ffb8-430f-952f-fd98fdcd026c" testListId="8c84fa94-04c1-424b-9868-57a2d4851a1d" />
    <TestEntry testId="73a2a41e-edaf-9b15-53d0-e9a56dfdd209" executionId="17aca86f-4201-4068-b8e4-2170033bbed5" testListId="8c84fa94-04c1-424b-9868-57a2d4851a1d" />
    <TestEntry testId="749e2125-91f3-366c-3cc9-5d757c5d89fc" executionId="8eea46ab-592c-4e3c-a16d-3664884ad224" testListId="8c84fa94-04c1-424b-9868-57a2d4851a1d" />
    <TestEntry testId="7c829374-b2b7-a64c-0106-8a1c527f9eee" executionId="dc0553bb-4ab4-4549-ba37-96e8cfabca78" testListId="8c84fa94-04c1-424b-9868-57a2d4851a1d" />
    <TestEntry testId="83def0be-13ed-eb0c-cf34-39cb5d72d47e" executionId="2fef7c97-09e1-463f-aac9-5c2e24502b3d" testListId="8c84fa94-04c1-424b-9868-57a2d4851a1d" />
    <TestEntry testId="8440b3dd-4629-ecb3-bea3-283361475284" executionId="3f335583-de8c-4290-aabe-24d4da17f03b" testListId="8c84fa94-04c1-424b-9868-57a2d4851a1d" />
    <TestEntry testId="87cd62b0-6032-0378-4d78-97f7b2cf2151" executionId="de5d063d-cd6e-4bc4-a3ba-7bd65a92c496" testListId="8c84fa94-04c1-424b-9868-57a2d4851a1d" />
    <TestEntry testId="886bee7d-d334-dfe7-c238-7453c4d49aba" executionId="2dcfeca2-c420-454d-b85f-ff779ff11608" testListId="8c84fa94-04c1-424b-9868-57a2d4851a1d" />
    <TestEntry testId="8ddb55d2-cc76-8371-0cab-349758d0faba" executionId="eae5f458-7c8c-46ef-b457-9251cb9cc6ba" testListId="8c84fa94-04c1-424b-9868-57a2d4851a1d" />
    <TestEntry testId="906cdd9a-e41c-b869-1786-a4ffe476ad69" executionId="ba68c148-2799-405d-9a69-dcf7074382aa" testListId="8c84fa94-04c1-424b-9868-57a2d4851a1d" />
    <TestEntry testId="924a726f-7065-3789-c891-f57af25f387b" executionId="805ce0df-80e0-4351-93c9-62ebd7515e78" testListId="8c84fa94-04c1-424b-9868-57a2d4851a1d" />
    <TestEntry testId="9ab46af0-2743-cf89-1d6c-179a016f19ed" executionId="115dec7c-59e6-4888-bf3f-68fd81dce2c2" testListId="8c84fa94-04c1-424b-9868-57a2d4851a1d" />
    <TestEntry testId="9cf39b8e-04c2-b861-736b-953b0b495874" executionId="f528693b-cf5c-4403-a9c9-4cfd5fef76b2" testListId="8c84fa94-04c1-424b-9868-57a2d4851a1d" />
    <TestEntry testId="a1263318-9a7b-fd6c-9b9f-3e717746b915" executionId="c05a3842-a511-46c4-a3ff-d5a9d50a5995" testListId="8c84fa94-04c1-424b-9868-57a2d4851a1d" />
    <TestEntry testId="a371c641-f9b0-857d-8d7a-ba50f3ebff43" executionId="c1c522c6-6a53-4b82-b841-239d0f45864f" testListId="8c84fa94-04c1-424b-9868-57a2d4851a1d" />
    <TestEntry testId="a5af5316-0907-aef9-72aa-1e7958fc3974" executionId="d0ee3f76-c1b2-4250-8a85-8395db2f0052" testListId="8c84fa94-04c1-424b-9868-57a2d4851a1d" />
    <TestEntry testId="a7d7b29b-200e-e950-acdb-f74fb0c8329a" executionId="eaf1c9b1-2b08-40ea-bebd-8b86d871137d" testListId="8c84fa94-04c1-424b-9868-57a2d4851a1d" />
    <TestEntry testId="a91e9ed3-5646-12d6-93c6-af2db48c7e59" executionId="7d106545-6c59-44a4-ad90-d903819f070c" testListId="8c84fa94-04c1-424b-9868-57a2d4851a1d" />
    <TestEntry testId="ad76f5b9-eef6-7da3-02e0-bcb403ffa630" executionId="e550e2ba-c629-4d3f-bc7c-f2234b639690" testListId="8c84fa94-04c1-424b-9868-57a2d4851a1d" />
    <TestEntry testId="b22f890b-2fb2-8bc9-6072-6c13741d1a72" executionId="9639d4d4-8247-4790-9199-6be22d96ccaf" testListId="8c84fa94-04c1-424b-9868-57a2d4851a1d" />
    <TestEntry testId="bdcd5694-6f47-8e9c-4f0a-b5a3d00cbbdc" executionId="81e20816-bfb7-4744-9e12-feb6dab1b580" testListId="8c84fa94-04c1-424b-9868-57a2d4851a1d" />
    <TestEntry testId="bfb23467-9ed6-2af2-a378-dc1e9bbf5b26" executionId="bcdfb44b-78d3-4f3d-8e13-5cb36f94267f" testListId="8c84fa94-04c1-424b-9868-57a2d4851a1d" />
    <TestEntry testId="c64b361e-3205-0c95-c097-86cdfb42cda1" executionId="52317a44-9daa-4f7f-81de-42f1c648e443" testListId="8c84fa94-04c1-424b-9868-57a2d4851a1d" />
    <TestEntry testId="c67b2499-e7a4-2b19-624b-77fbc4aeac92" executionId="5e8f6af7-1ae6-4c92-af1e-d25128d6981d" testListId="8c84fa94-04c1-424b-9868-57a2d4851a1d" />
    <TestEntry testId="c6b026e9-3960-4229-9874-a43b265d5ac5" executionId="1cb159d5-2d7a-4e18-af68-9f285c3df6ed" testListId="8c84fa94-04c1-424b-9868-57a2d4851a1d" />
    <TestEntry testId="cb576a10-2d92-ab9f-8fcd-b9bd7c8e4579" executionId="2352a6f4-e128-49f9-a50a-7d9dfb121903" testListId="8c84fa94-04c1-424b-9868-57a2d4851a1d" />
    <TestEntry testId="cc943512-d061-8a99-3a4a-22ce9199b189" executionId="4b323483-ba36-48da-9d52-758cba1c5714" testListId="8c84fa94-04c1-424b-9868-57a2d4851a1d" />
    <TestEntry testId="cddde496-20c6-4b8e-d5cd-072a15f2fccb" executionId="58049297-a1ef-4fce-8579-4279b4867629" testListId="8c84fa94-04c1-424b-9868-57a2d4851a1d" />
    <TestEntry testId="d2636e01-07d3-8d97-7e57-ab6725f5e972" executionId="d9974900-0e00-405d-afec-85b0911fa5db" testListId="8c84fa94-04c1-424b-9868-57a2d4851a1d" />
    <TestEntry testId="dc348301-aaee-9d57-e85e-e7bdc8bf9c91" executionId="b5be16bb-3da3-400c-9e55-b4c77eab7f12" testListId="8c84fa94-04c1-424b-9868-57a2d4851a1d" />
    <TestEntry testId="e838b5ac-738c-c97e-c3d6-f1fb0daa2370" executionId="9659e9ea-2611-427c-a901-2c5a1a76c830" testListId="8c84fa94-04c1-424b-9868-57a2d4851a1d" />
    <TestEntry testId="ec9f8ac9-bbad-7904-9e27-a42604c75864" executionId="c3442da1-4db2-4d6b-8783-483b28bb4a85" testListId="8c84fa94-04c1-424b-9868-57a2d4851a1d" />
    <TestEntry testId="f3f8f937-4c7c-939b-ae77-fc501524ffbb" executionId="74ba185d-0bd4-4899-892c-2f036754b509" testListId="8c84fa94-04c1-424b-9868-57a2d4851a1d" />
    <TestEntry testId="f5116b98-dd2f-50c2-839b-71e219a68e4d" executionId="1959a996-b574-4f8e-bd24-833ae81b4915" testListId="8c84fa94-04c1-424b-9868-57a2d4851a1d" />
    <TestEntry testId="f7826c58-01e2-4c82-f47f-08228e891502" executionId="aabe4485-4312-4b34-82e5-9e47c71a3328" testListId="8c84fa94-04c1-424b-9868-57a2d4851a1d" />
    <TestEntry testId="fceb51c8-60ab-9dba-9bc5-68eec453d8bc" executionId="0cc2254f-27ab-475d-ae20-417ae8a69cd5" testListId="8c84fa94-04c1-424b-9868-57a2d4851a1d" />
    <TestEntry testId="fe9a4a1b-3bca-343b-6c6c-7b9a9abb113f" executionId="03ee88ba-76ac-4e4a-9d55-ea87a4dd4dc3" testListId="8c84fa94-04c1-424b-9868-57a2d4851a1d" />
  </TestEntries>
  <Results>
    <UnitTestResult executionId="27e8d75e-8fe6-4975-b2e7-f73a40cd7139" testId="0a828938-db60-83a2-bc54-b0d9d2623a89" testName="ReadAllProductTest" computerName="BOB-SQUAWK" duration="00:00:00.0463205" startTime="2012-08-30T03:49:50.5160000-07:00" endTime="2012-08-30T03:49:50.8240000-07:00" testType="13cdc9d9-ddb5-4fa4-a97d-d965ccfc6d4b" outcome="Passed" testListId="8c84fa94-04c1-424b-9868-57a2d4851a1d" relativeResultsDirectory="27e8d75e-8fe6-4975-b2e7-f73a40cd7139">
    </UnitTestResult>
    <UnitTestResult executionId="b083fd7f-25fd-4696-9911-3bbbf67a2624" testId="1381d89d-e61a-d0f1-323e-009145c998cd" testName="CreateProductColorErrorTest" computerName="BOB-SQUAWK" duration="00:00:00.0078207" startTime="2012-08-30T03:49:50.8260000-07:00" endTime="2012-08-30T03:49:50.8420000-07:00" testType="13cdc9d9-ddb5-4fa4-a97d-d965ccfc6d4b" outcome="Passed" testListId="8c84fa94-04c1-424b-9868-57a2d4851a1d" relativeResultsDirectory="b083fd7f-25fd-4696-9911-3bbbf67a2624">
    </UnitTestResult>
    <UnitTestResult executionId="569357c0-83b2-48e6-8ca0-9028c039f80a" testId="158d2d91-82ad-445a-f6d1-cade85604603" testName="CreateUserTest" computerName="BOB-SQUAWK" duration="00:00:00.0556175" startTime="2012-08-30T03:49:50.8450000-07:00" endTime="2012-08-30T03:49:50.9050000-07:00" testType="13cdc9d9-ddb5-4fa4-a97d-d965ccfc6d4b" outcome="Passed" testListId="8c84fa94-04c1-424b-9868-57a2d4851a1d" relativeResultsDirectory="569357c0-83b2-48e6-8ca0-9028c039f80a">
      <Output>
        <StdOut>219</StdOut>
      </Output>
    </UnitTestResult>
    <UnitTestResult executionId="470807f2-039b-4c9c-ac41-9ac03fb860de" testId="17a47e80-72b2-0437-6c34-884341a72cbe" testName="UpdateProductVariationInfoTest" computerName="BOB-SQUAWK" duration="00:00:00.0320614" startTime="2012-08-30T03:49:50.9090000-07:00" endTime="2012-08-30T03:49:50.9540000-07:00" testType="13cdc9d9-ddb5-4fa4-a97d-d965ccfc6d4b" outcome="Passed" testListId="8c84fa94-04c1-424b-9868-57a2d4851a1d" relativeResultsDirectory="470807f2-039b-4c9c-ac41-9ac03fb860de">
    </UnitTestResult>
    <UnitTestResult executionId="6cd8c786-57ec-4367-b369-9a70ca065dd2" testId="1b544148-93f6-a7fe-ec0a-e48ebd3d2844" testName="ReadOrderTest" computerName="BOB-SQUAWK" duration="00:00:00.0046424" startTime="2012-08-30T03:49:50.9560000-07:00" endTime="2012-08-30T03:49:50.9650000-07:00" testType="13cdc9d9-ddb5-4fa4-a97d-d965ccfc6d4b" outcome="Passed" testListId="8c84fa94-04c1-424b-9868-57a2d4851a1d" relativeResultsDirectory="6cd8c786-57ec-4367-b369-9a70ca065dd2">
    </UnitTestResult>
    <UnitTestResult executionId="d2a7bbbf-1cbf-4ef5-8c53-6310206996ee" testId="1e60bab5-dba5-e699-f6b8-0811bd4de6e3" testName="CreateProductTypeTest" computerName="BOB-SQUAWK" duration="00:00:00.0083334" startTime="2012-08-30T03:49:50.9660000-07:00" endTime="2012-08-30T03:49:50.9780000-07:00" testType="13cdc9d9-ddb5-4fa4-a97d-d965ccfc6d4b" outcome="Passed" testListId="8c84fa94-04c1-424b-9868-57a2d4851a1d" relativeResultsDirectory="d2a7bbbf-1cbf-4ef5-8c53-6310206996ee">
    </UnitTestResult>
    <UnitTestResult executionId="4a51c804-e972-4561-9539-f8ab319c9102" testId="1f1e50dc-302d-5d54-d1b6-de3ac7cc0579" testName="CreateBrandNullErrorTest" computerName="BOB-SQUAWK" duration="00:00:00.0007442" startTime="2012-08-30T03:49:50.9800000-07:00" endTime="2012-08-30T03:49:50.9850000-07:00" testType="13cdc9d9-ddb5-4fa4-a97d-d965ccfc6d4b" outcome="Passed" testListId="8c84fa94-04c1-424b-9868-57a2d4851a1d" relativeResultsDirectory="4a51c804-e972-4561-9539-f8ab319c9102">
    </UnitTestResult>
    <UnitTestResult executionId="f949d996-0666-4d4d-8016-fc8e6089d226" testId="2c820968-7c91-03d3-a299-ef437a4adae9" testName="CreateProductVariationErrorTest" computerName="BOB-SQUAWK" duration="00:00:00.0129307" startTime="2012-08-30T03:49:50.9860000-07:00" endTime="2012-08-30T03:49:51.0040000-07:00" testType="13cdc9d9-ddb5-4fa4-a97d-d965ccfc6d4b" outcome="Passed" testListId="8c84fa94-04c1-424b-9868-57a2d4851a1d" relativeResultsDirectory="f949d996-0666-4d4d-8016-fc8e6089d226">
      <Output>
        <DebugTrace>THIS IS THE PID:121
</DebugTrace>
      </Output>
    </UnitTestResult>
    <UnitTestResult executionId="433fe2c9-fee1-41ce-9908-f5b481e7bc15" testId="2ce09c11-f985-d871-f593-05b3d3bf012b" testName="ReadOrderItemsTest" computerName="BOB-SQUAWK" duration="00:00:00.0043604" startTime="2012-08-30T03:49:51.0060000-07:00" endTime="2012-08-30T03:49:51.0150000-07:00" testType="13cdc9d9-ddb5-4fa4-a97d-d965ccfc6d4b" outcome="Passed" testListId="8c84fa94-04c1-424b-9868-57a2d4851a1d" relativeResultsDirectory="433fe2c9-fee1-41ce-9908-f5b481e7bc15">
    </UnitTestResult>
    <UnitTestResult executionId="9d6c2ab6-ae3c-478d-8e4f-b35add5302f1" testId="2de277d9-37a5-c97d-c930-1d6c85ec007a" testName="ProductCuttingUpdateErrorTest" computerName="BOB-SQUAWK" duration="00:00:00.0028988" startTime="2012-08-30T03:49:51.0160000-07:00" endTime="2012-08-30T03:49:51.0230000-07:00" testType="13cdc9d9-ddb5-4fa4-a97d-d965ccfc6d4b" outcome="Passed" testListId="8c84fa94-04c1-424b-9868-57a2d4851a1d" relativeResultsDirectory="9d6c2ab6-ae3c-478d-8e4f-b35add5302f1">
    </UnitTestResult>
    <UnitTestResult executionId="beb5f4cb-5bc1-4e40-b9d3-670151d378ca" testId="306047c5-8044-ee12-21be-5249fd0ab8bc" testName="CreateProductColorTest" computerName="BOB-SQUAWK" duration="00:00:00.0059386" startTime="2012-08-30T03:49:51.0240000-07:00" endTime="2012-08-30T03:49:51.0340000-07:00" testType="13cdc9d9-ddb5-4fa4-a97d-d965ccfc6d4b" outcome="Passed" testListId="8c84fa94-04c1-424b-9868-57a2d4851a1d" relativeResultsDirectory="beb5f4cb-5bc1-4e40-b9d3-670151d378ca">
      <Output>
        <DebugTrace>RESULT:121
RESULT:121
RESULT:Sanrio Pink 70
</DebugTrace>
      </Output>
    </UnitTestResult>
    <UnitTestResult executionId="b74e9a16-3574-49d9-a734-a97a93e937d7" testId="32befc5b-2805-679f-e132-a2c900e50a08" testName="CreatePVTest" computerName="BOB-SQUAWK" duration="00:00:00.0088924" startTime="2012-08-30T03:49:51.0370000-07:00" endTime="2012-08-30T03:49:51.0500000-07:00" testType="13cdc9d9-ddb5-4fa4-a97d-d965ccfc6d4b" outcome="Passed" testListId="8c84fa94-04c1-424b-9868-57a2d4851a1d" relativeResultsDirectory="b74e9a16-3574-49d9-a734-a97a93e937d7">
      <Output>
        <DebugTrace>THIS IS THE PID:1
</DebugTrace>
      </Output>
    </UnitTestResult>
    <UnitTestResult executionId="239d1f5f-34f3-4bf9-ac3c-7bb2a6dd5f59" testId="4068bac0-9c67-8bcf-fe66-d8581e88d686" testName="CreateProductCuttingTest" computerName="BOB-SQUAWK" duration="00:00:00.0062417" startTime="2012-08-30T03:49:51.0520000-07:00" endTime="2012-08-30T03:49:51.0620000-07:00" testType="13cdc9d9-ddb5-4fa4-a97d-d965ccfc6d4b" outcome="Passed" testListId="8c84fa94-04c1-424b-9868-57a2d4851a1d" relativeResultsDirectory="239d1f5f-34f3-4bf9-ac3c-7bb2a6dd5f59">
    </UnitTestResult>
    <UnitTestResult executionId="ad7ca793-0d25-4a75-ae1e-40540f71c8b6" testId="44c316ef-e570-09f1-f2c1-54180c893f98" testName="ReadAllBrandTest" computerName="BOB-SQUAWK" duration="00:00:00.0029447" startTime="2012-08-30T03:49:51.0640000-07:00" endTime="2012-08-30T03:49:51.0700000-07:00" testType="13cdc9d9-ddb5-4fa4-a97d-d965ccfc6d4b" outcome="Passed" testListId="8c84fa94-04c1-424b-9868-57a2d4851a1d" relativeResultsDirectory="ad7ca793-0d25-4a75-ae1e-40540f71c8b6">
    </UnitTestResult>
    <UnitTestResult executionId="d53fef6a-644a-440e-8e2a-490a15fa957a" testId="493a7605-2b5d-6b34-77c0-38590edb775c" testName="DeleteOrderTest" computerName="BOB-SQUAWK" duration="00:00:00.0004911" startTime="2012-08-30T03:49:51.0720000-07:00" endTime="2012-08-30T03:49:51.0770000-07:00" testType="13cdc9d9-ddb5-4fa4-a97d-d965ccfc6d4b" outcome="Passed" testListId="8c84fa94-04c1-424b-9868-57a2d4851a1d" relativeResultsDirectory="d53fef6a-644a-440e-8e2a-490a15fa957a">
    </UnitTestResult>
    <UnitTestResult executionId="edf9e227-5c36-49ad-a69a-9ef99f07a7c1" testId="4984de8b-0f11-84fe-96e4-b08c00e8db25" testName="CreateProductErrorTest" computerName="BOB-SQUAWK" duration="00:00:00.0057977" startTime="2012-08-30T03:49:51.0790000-07:00" endTime="2012-08-30T03:49:51.0900000-07:00" testType="13cdc9d9-ddb5-4fa4-a97d-d965ccfc6d4b" outcome="Passed" testListId="8c84fa94-04c1-424b-9868-57a2d4851a1d" relativeResultsDirectory="edf9e227-5c36-49ad-a69a-9ef99f07a7c1">
    </UnitTestResult>
    <UnitTestResult executionId="f8c976ea-30c3-451f-bbd3-0a2f5d3c5d65" testId="51e7e7bf-6ccc-542c-0d91-d03ec1c8332e" testName="DeleteProductVariationInfoTest" computerName="BOB-SQUAWK" duration="00:00:00.0158068" startTime="2012-08-30T03:49:51.0910000-07:00" endTime="2012-08-30T03:49:51.1270000-07:00" testType="13cdc9d9-ddb5-4fa4-a97d-d965ccfc6d4b" outcome="Passed" testListId="8c84fa94-04c1-424b-9868-57a2d4851a1d" relativeResultsDirectory="f8c976ea-30c3-451f-bbd3-0a2f5d3c5d65">
      <Output>
        <DebugTrace>THIS IS THE PID:1
</DebugTrace>
      </Output>
    </UnitTestResult>
    <UnitTestResult executionId="632242b6-3256-48e0-8047-78d3dde981cf" testId="527f0874-7efa-38fb-4cdb-7845b6fdc52f" testName="ReadAllProductTypeTest" computerName="BOB-SQUAWK" duration="00:00:00.0041094" startTime="2012-08-30T03:49:51.1370000-07:00" endTime="2012-08-30T03:49:51.1470000-07:00" testType="13cdc9d9-ddb5-4fa4-a97d-d965ccfc6d4b" outcome="Passed" testListId="8c84fa94-04c1-424b-9868-57a2d4851a1d" relativeResultsDirectory="632242b6-3256-48e0-8047-78d3dde981cf">
    </UnitTestResult>
    <UnitTestResult executionId="874f43ac-6754-4d7b-91cd-5c315fad779d" testId="53956050-dfb2-bc6f-a53b-1e274204bdd8" testName="ReadAllProductColorTest" computerName="BOB-SQUAWK" duration="00:00:00.0910547" startTime="2012-08-30T03:49:51.1680000-07:00" endTime="2012-08-30T03:49:51.2750000-07:00" testType="13cdc9d9-ddb5-4fa4-a97d-d965ccfc6d4b" outcome="Passed" testListId="8c84fa94-04c1-424b-9868-57a2d4851a1d" relativeResultsDirectory="874f43ac-6754-4d7b-91cd-5c315fad779d">
    </UnitTestResult>
    <UnitTestResult executionId="3e63b6aa-6c4e-4e9e-88f7-90fd6cd6bfee" testId="6567eec0-603e-0c1c-b63c-38e9a20c4df4" testName="ReadAllProductCuttingTest" computerName="BOB-SQUAWK" duration="00:00:00.0093624" startTime="2012-08-30T03:49:51.2900000-07:00" endTime="2012-08-30T03:49:51.3130000-07:00" testType="13cdc9d9-ddb5-4fa4-a97d-d965ccfc6d4b" outcome="Passed" testListId="8c84fa94-04c1-424b-9868-57a2d4851a1d" relativeResultsDirectory="3e63b6aa-6c4e-4e9e-88f7-90fd6cd6bfee">
    </UnitTestResult>
    <UnitTestResult executionId="14f7cdf0-04b7-40b9-98da-1051dbbc3b9e" testId="6724fe7d-3a6e-82e1-5e9c-bfae58cb851f" testName="UpdateBrandTest" computerName="BOB-SQUAWK" duration="00:00:00.0112574" startTime="2012-08-30T03:49:51.3160000-07:00" endTime="2012-08-30T03:49:51.3410000-07:00" testType="13cdc9d9-ddb5-4fa4-a97d-d965ccfc6d4b" outcome="Passed" testListId="8c84fa94-04c1-424b-9868-57a2d4851a1d" relativeResultsDirectory="14f7cdf0-04b7-40b9-98da-1051dbbc3b9e">
    </UnitTestResult>
    <UnitTestResult executionId="f1208d8b-ffb8-430f-952f-fd98fdcd026c" testId="72a23555-32b2-8606-9cd7-3ffb7f93b94d" testName="CreateProductColorNullErrorTest" computerName="BOB-SQUAWK" duration="00:00:00.0022874" startTime="2012-08-30T03:49:51.3440000-07:00" endTime="2012-08-30T03:49:51.3540000-07:00" testType="13cdc9d9-ddb5-4fa4-a97d-d965ccfc6d4b" outcome="Passed" testListId="8c84fa94-04c1-424b-9868-57a2d4851a1d" relativeResultsDirectory="f1208d8b-ffb8-430f-952f-fd98fdcd026c">
    </UnitTestResult>
    <UnitTestResult executionId="17aca86f-4201-4068-b8e4-2170033bbed5" testId="73a2a41e-edaf-9b15-53d0-e9a56dfdd209" testName="UpdateOrderTest" computerName="BOB-SQUAWK" duration="00:00:00.0077968" startTime="2012-08-30T03:49:51.3560000-07:00" endTime="2012-08-30T03:49:51.3790000-07:00" testType="13cdc9d9-ddb5-4fa4-a97d-d965ccfc6d4b" outcome="Passed" testListId="8c84fa94-04c1-424b-9868-57a2d4851a1d" relativeResultsDirectory="17aca86f-4201-4068-b8e4-2170033bbed5">
    </UnitTestResult>
    <UnitTestResult executionId="8eea46ab-592c-4e3c-a16d-3664884ad224" testId="749e2125-91f3-366c-3cc9-5d757c5d89fc" testName="UpdateProductTypeTest" computerName="BOB-SQUAWK" duration="00:00:00.0055186" startTime="2012-08-30T03:49:51.3820000-07:00" endTime="2012-08-30T03:49:51.3990000-07:00" testType="13cdc9d9-ddb5-4fa4-a97d-d965ccfc6d4b" outcome="Passed" testListId="8c84fa94-04c1-424b-9868-57a2d4851a1d" relativeResultsDirectory="8eea46ab-592c-4e3c-a16d-3664884ad224">
    </UnitTestResult>
    <UnitTestResult executionId="dc0553bb-4ab4-4549-ba37-96e8cfabca78" testId="7c829374-b2b7-a64c-0106-8a1c527f9eee" testName="CreateProductTypeNullErrorTest" computerName="BOB-SQUAWK" duration="00:00:00.0018617" startTime="2012-08-30T03:49:51.4010000-07:00" endTime="2012-08-30T03:49:51.4070000-07:00" testType="13cdc9d9-ddb5-4fa4-a97d-d965ccfc6d4b" outcome="Passed" testListId="8c84fa94-04c1-424b-9868-57a2d4851a1d" relativeResultsDirectory="dc0553bb-4ab4-4549-ba37-96e8cfabca78">
    </UnitTestResult>
    <UnitTestResult executionId="2fef7c97-09e1-463f-aac9-5c2e24502b3d" testId="83def0be-13ed-eb0c-cf34-39cb5d72d47e" testName="ReadAllPVTest" computerName="BOB-SQUAWK" duration="00:00:00.0098551" startTime="2012-08-30T03:49:51.4090000-07:00" endTime="2012-08-30T03:49:51.4240000-07:00" testType="13cdc9d9-ddb5-4fa4-a97d-d965ccfc6d4b" outcome="Passed" testListId="8c84fa94-04c1-424b-9868-57a2d4851a1d" relativeResultsDirectory="2fef7c97-09e1-463f-aac9-5c2e24502b3d">
    </UnitTestResult>
    <UnitTestResult executionId="3f335583-de8c-4290-aabe-24d4da17f03b" testId="8440b3dd-4629-ecb3-bea3-283361475284" testName="CreateBrandErrorTest" computerName="BOB-SQUAWK" duration="00:00:00.0057774" startTime="2012-08-30T03:49:51.4340000-07:00" endTime="2012-08-30T03:49:51.4530000-07:00" testType="13cdc9d9-ddb5-4fa4-a97d-d965ccfc6d4b" outcome="Passed" testListId="8c84fa94-04c1-424b-9868-57a2d4851a1d" relativeResultsDirectory="3f335583-de8c-4290-aabe-24d4da17f03b">
    </UnitTestResult>
    <UnitTestResult executionId="de5d063d-cd6e-4bc4-a3ba-7bd65a92c496" testId="87cd62b0-6032-0378-4d78-97f7b2cf2151" testName="ProductTypeReadErrorTest" computerName="BOB-SQUAWK" duration="00:00:00.0033428" startTime="2012-08-30T03:49:51.4560000-07:00" endTime="2012-08-30T03:49:51.4640000-07:00" testType="13cdc9d9-ddb5-4fa4-a97d-d965ccfc6d4b" outcome="Passed" testListId="8c84fa94-04c1-424b-9868-57a2d4851a1d" relativeResultsDirectory="de5d063d-cd6e-4bc4-a3ba-7bd65a92c496">
    </UnitTestResult>
    <UnitTestResult executionId="2dcfeca2-c420-454d-b85f-ff779ff11608" testId="886bee7d-d334-dfe7-c238-7453c4d49aba" testName="DeleteOrderItemTest" computerName="BOB-SQUAWK" duration="00:00:00.0008616" startTime="2012-08-30T03:49:51.4680000-07:00" endTime="2012-08-30T03:49:51.4750000-07:00" testType="13cdc9d9-ddb5-4fa4-a97d-d965ccfc6d4b" outcome="Passed" testListId="8c84fa94-04c1-424b-9868-57a2d4851a1d" relativeResultsDirectory="2dcfeca2-c420-454d-b85f-ff779ff11608">
    </UnitTestResult>
    <UnitTestResult executionId="eae5f458-7c8c-46ef-b457-9251cb9cc6ba" testId="8ddb55d2-cc76-8371-0cab-349758d0faba" testName="ProductVariationUpdateErrorTest" computerName="BOB-SQUAWK" duration="00:00:00.0183653" startTime="2012-08-30T03:49:51.4800000-07:00" endTime="2012-08-30T03:49:51.5050000-07:00" testType="13cdc9d9-ddb5-4fa4-a97d-d965ccfc6d4b" outcome="Passed" testListId="8c84fa94-04c1-424b-9868-57a2d4851a1d" relativeResultsDirectory="eae5f458-7c8c-46ef-b457-9251cb9cc6ba">
    </UnitTestResult>
    <UnitTestResult executionId="ba68c148-2799-405d-9a69-dcf7074382aa" testId="906cdd9a-e41c-b869-1786-a4ffe476ad69" testName="CreateProductCuttingErrorTest" computerName="BOB-SQUAWK" duration="00:00:00.0051997" startTime="2012-08-30T03:49:51.5080000-07:00" endTime="2012-08-30T03:49:51.5160000-07:00" testType="13cdc9d9-ddb5-4fa4-a97d-d965ccfc6d4b" outcome="Passed" testListId="8c84fa94-04c1-424b-9868-57a2d4851a1d" relativeResultsDirectory="ba68c148-2799-405d-9a69-dcf7074382aa">
    </UnitTestResult>
    <UnitTestResult executionId="805ce0df-80e0-4351-93c9-62ebd7515e78" testId="924a726f-7065-3789-c891-f57af25f387b" testName="DeleteUserTest" computerName="BOB-SQUAWK" duration="00:00:00.0004980" startTime="2012-08-30T03:49:51.5190000-07:00" endTime="2012-08-30T03:49:51.5230000-07:00" testType="13cdc9d9-ddb5-4fa4-a97d-d965ccfc6d4b" outcome="Passed" testListId="8c84fa94-04c1-424b-9868-57a2d4851a1d" relativeResultsDirectory="805ce0df-80e0-4351-93c9-62ebd7515e78">
    </UnitTestResult>
    <UnitTestResult executionId="115dec7c-59e6-4888-bf3f-68fd81dce2c2" testId="9ab46af0-2743-cf89-1d6c-179a016f19ed" testName="UpdateOrderItemTest" computerName="BOB-SQUAWK" duration="00:00:00.0046724" startTime="2012-08-30T03:49:51.5240000-07:00" endTime="2012-08-30T03:49:51.5330000-07:00" testType="13cdc9d9-ddb5-4fa4-a97d-d965ccfc6d4b" outcome="Passed" testListId="8c84fa94-04c1-424b-9868-57a2d4851a1d" relativeResultsDirectory="115dec7c-59e6-4888-bf3f-68fd81dce2c2">
    </UnitTestResult>
    <UnitTestResult executionId="f528693b-cf5c-4403-a9c9-4cfd5fef76b2" testId="9cf39b8e-04c2-b861-736b-953b0b495874" testName="ProductColorUpdateErrorTest" computerName="BOB-SQUAWK" duration="00:00:00.0038648" startTime="2012-08-30T03:49:51.5340000-07:00" endTime="2012-08-30T03:49:51.5420000-07:00" testType="13cdc9d9-ddb5-4fa4-a97d-d965ccfc6d4b" outcome="Passed" testListId="8c84fa94-04c1-424b-9868-57a2d4851a1d" relativeResultsDirectory="f528693b-cf5c-4403-a9c9-4cfd5fef76b2">
    </UnitTestResult>
    <UnitTestResult executionId="c05a3842-a511-46c4-a3ff-d5a9d50a5995" testId="a1263318-9a7b-fd6c-9b9f-3e717746b915" testName="ReadCustomerListTest" computerName="BOB-SQUAWK" duration="00:00:00.0076152" startTime="2012-08-30T03:49:51.5440000-07:00" endTime="2012-08-30T03:49:51.5650000-07:00" testType="13cdc9d9-ddb5-4fa4-a97d-d965ccfc6d4b" outcome="Passed" testListId="8c84fa94-04c1-424b-9868-57a2d4851a1d" relativeResultsDirectory="c05a3842-a511-46c4-a3ff-d5a9d50a5995">
    </UnitTestResult>
    <UnitTestResult executionId="c1c522c6-6a53-4b82-b841-239d0f45864f" testId="a371c641-f9b0-857d-8d7a-ba50f3ebff43" testName="ProductColorReadErrorTest" computerName="BOB-SQUAWK" duration="00:00:00.0027327" startTime="2012-08-30T03:49:51.5680000-07:00" endTime="2012-08-30T03:49:51.5770000-07:00" testType="13cdc9d9-ddb5-4fa4-a97d-d965ccfc6d4b" outcome="Passed" testListId="8c84fa94-04c1-424b-9868-57a2d4851a1d" relativeResultsDirectory="c1c522c6-6a53-4b82-b841-239d0f45864f">
    </UnitTestResult>
    <UnitTestResult executionId="d0ee3f76-c1b2-4250-8a85-8395db2f0052" testId="a5af5316-0907-aef9-72aa-1e7958fc3974" testName="CreateProductTest" computerName="BOB-SQUAWK" duration="00:00:00.0053476" startTime="2012-08-30T03:49:51.5790000-07:00" endTime="2012-08-30T03:49:51.5880000-07:00" testType="13cdc9d9-ddb5-4fa4-a97d-d965ccfc6d4b" outcome="Passed" testListId="8c84fa94-04c1-424b-9868-57a2d4851a1d" relativeResultsDirectory="d0ee3f76-c1b2-4250-8a85-8395db2f0052">
    </UnitTestResult>
    <UnitTestResult executionId="eaf1c9b1-2b08-40ea-bebd-8b86d871137d" testId="a7d7b29b-200e-e950-acdb-f74fb0c8329a" testName="ProductVariationDeleteErrorTest" computerName="BOB-SQUAWK" duration="00:00:00.0085328" startTime="2012-08-30T03:49:51.5890000-07:00" endTime="2012-08-30T03:49:51.6020000-07:00" testType="13cdc9d9-ddb5-4fa4-a97d-d965ccfc6d4b" outcome="Passed" testListId="8c84fa94-04c1-424b-9868-57a2d4851a1d" relativeResultsDirectory="eaf1c9b1-2b08-40ea-bebd-8b86d871137d">
      <Output>
        <StdOut>id: 288</StdOut>
        <DebugTrace>THIS IS THE PID:1
</DebugTrace>
      </Output>
    </UnitTestResult>
    <UnitTestResult executionId="7d106545-6c59-44a4-ad90-d903819f070c" testId="a91e9ed3-5646-12d6-93c6-af2db48c7e59" testName="ProductReadErrorTest" computerName="BOB-SQUAWK" duration="00:00:00.0031487" startTime="2012-08-30T03:49:51.6040000-07:00" endTime="2012-08-30T03:49:51.6110000-07:00" testType="13cdc9d9-ddb5-4fa4-a97d-d965ccfc6d4b" outcome="Passed" testListId="8c84fa94-04c1-424b-9868-57a2d4851a1d" relativeResultsDirectory="7d106545-6c59-44a4-ad90-d903819f070c">
    </UnitTestResult>
    <UnitTestResult executionId="e550e2ba-c629-4d3f-bc7c-f2234b639690" testId="ad76f5b9-eef6-7da3-02e0-bcb403ffa630" testName="UpdateProductCuttingTest" computerName="BOB-SQUAWK" duration="00:00:00.0045323" startTime="2012-08-30T03:49:51.6130000-07:00" endTime="2012-08-30T03:49:51.6220000-07:00" testType="13cdc9d9-ddb5-4fa4-a97d-d965ccfc6d4b" outcome="Passed" testListId="8c84fa94-04c1-424b-9868-57a2d4851a1d" relativeResultsDirectory="e550e2ba-c629-4d3f-bc7c-f2234b639690">
    </UnitTestResult>
    <UnitTestResult executionId="9639d4d4-8247-4790-9199-6be22d96ccaf" testId="b22f890b-2fb2-8bc9-6072-6c13741d1a72" testName="ProductCuttingReadErrorTest" computerName="BOB-SQUAWK" duration="00:00:00.0025470" startTime="2012-08-30T03:49:51.6230000-07:00" endTime="2012-08-30T03:49:51.6300000-07:00" testType="13cdc9d9-ddb5-4fa4-a97d-d965ccfc6d4b" outcome="Passed" testListId="8c84fa94-04c1-424b-9868-57a2d4851a1d" relativeResultsDirectory="9639d4d4-8247-4790-9199-6be22d96ccaf">
    </UnitTestResult>
    <UnitTestResult executionId="81e20816-bfb7-4744-9e12-feb6dab1b580" testId="bdcd5694-6f47-8e9c-4f0a-b5a3d00cbbdc" testName="CreateProductCuttingNullErrorTest" computerName="BOB-SQUAWK" duration="00:00:00.0017931" startTime="2012-08-30T03:49:51.6310000-07:00" endTime="2012-08-30T03:49:51.6380000-07:00" testType="13cdc9d9-ddb5-4fa4-a97d-d965ccfc6d4b" outcome="Passed" testListId="8c84fa94-04c1-424b-9868-57a2d4851a1d" relativeResultsDirectory="81e20816-bfb7-4744-9e12-feb6dab1b580">
    </UnitTestResult>
    <UnitTestResult executionId="bcdfb44b-78d3-4f3d-8e13-5cb36f94267f" testId="bfb23467-9ed6-2af2-a378-dc1e9bbf5b26" testName="CreateProductTypeErrorTest" computerName="BOB-SQUAWK" duration="00:00:00.0050868" startTime="2012-08-30T03:49:51.6400000-07:00" endTime="2012-08-30T03:49:51.6490000-07:00" testType="13cdc9d9-ddb5-4fa4-a97d-d965ccfc6d4b" outcome="Passed" testListId="8c84fa94-04c1-424b-9868-57a2d4851a1d" relativeResultsDirectory="bcdfb44b-78d3-4f3d-8e13-5cb36f94267f">
    </UnitTestResult>
    <UnitTestResult executionId="52317a44-9daa-4f7f-81de-42f1c648e443" testId="c64b361e-3205-0c95-c097-86cdfb42cda1" testName="UpdateUserTest" computerName="BOB-SQUAWK" duration="00:00:00.0066041" startTime="2012-08-30T03:49:51.6500000-07:00" endTime="2012-08-30T03:49:51.6610000-07:00" testType="13cdc9d9-ddb5-4fa4-a97d-d965ccfc6d4b" outcome="Passed" testListId="8c84fa94-04c1-424b-9868-57a2d4851a1d" relativeResultsDirectory="52317a44-9daa-4f7f-81de-42f1c648e443">
    </UnitTestResult>
    <UnitTestResult executionId="5e8f6af7-1ae6-4c92-af1e-d25128d6981d" testId="c67b2499-e7a4-2b19-624b-77fbc4aeac92" testName="ProductTypeUpdateErrorTest" computerName="BOB-SQUAWK" duration="00:00:00.0028229" startTime="2012-08-30T03:49:51.6630000-07:00" endTime="2012-08-30T03:49:51.6730000-07:00" testType="13cdc9d9-ddb5-4fa4-a97d-d965ccfc6d4b" outcome="Passed" testListId="8c84fa94-04c1-424b-9868-57a2d4851a1d" relativeResultsDirectory="5e8f6af7-1ae6-4c92-af1e-d25128d6981d">
    </UnitTestResult>
    <UnitTestResult executionId="1cb159d5-2d7a-4e18-af68-9f285c3df6ed" testId="c6b026e9-3960-4229-9874-a43b265d5ac5" testName="ProductUpdateErrorTest" computerName="BOB-SQUAWK" duration="00:00:00.0545889" startTime="2012-08-30T03:49:51.6900000-07:00" endTime="2012-08-30T03:49:51.7620000-07:00" testType="13cdc9d9-ddb5-4fa4-a97d-d965ccfc6d4b" outcome="Passed" testListId="8c84fa94-04c1-424b-9868-57a2d4851a1d" relativeResultsDirectory="1cb159d5-2d7a-4e18-af68-9f285c3df6ed">
    </UnitTestResult>
    <UnitTestResult executionId="2352a6f4-e128-49f9-a50a-7d9dfb121903" testId="cb576a10-2d92-ab9f-8fcd-b9bd7c8e4579" testName="ReadOrderItemTest" computerName="BOB-SQUAWK" duration="00:00:00.0092742" startTime="2012-08-30T03:49:51.7730000-07:00" endTime="2012-08-30T03:49:51.7850000-07:00" testType="13cdc9d9-ddb5-4fa4-a97d-d965ccfc6d4b" outcome="Passed" testListId="8c84fa94-04c1-424b-9868-57a2d4851a1d" relativeResultsDirectory="2352a6f4-e128-49f9-a50a-7d9dfb121903">
    </UnitTestResult>
    <UnitTestResult executionId="4b323483-ba36-48da-9d52-758cba1c5714" testId="cc943512-d061-8a99-3a4a-22ce9199b189" testName="CreateOrderItemTest" computerName="BOB-SQUAWK" duration="00:00:00.0140690" startTime="2012-08-30T03:49:51.7970000-07:00" endTime="2012-08-30T03:49:51.8260000-07:00" testType="13cdc9d9-ddb5-4fa4-a97d-d965ccfc6d4b" outcome="Passed" testListId="8c84fa94-04c1-424b-9868-57a2d4851a1d" relativeResultsDirectory="4b323483-ba36-48da-9d52-758cba1c5714">
    </UnitTestResult>
    <UnitTestResult executionId="58049297-a1ef-4fce-8579-4279b4867629" testId="cddde496-20c6-4b8e-d5cd-072a15f2fccb" testName="BrandReadErrorTest" computerName="BOB-SQUAWK" duration="00:00:00.0053204" startTime="2012-08-30T03:49:51.8370000-07:00" endTime="2012-08-30T03:49:51.8550000-07:00" testType="13cdc9d9-ddb5-4fa4-a97d-d965ccfc6d4b" outcome="Passed" testListId="8c84fa94-04c1-424b-9868-57a2d4851a1d" relativeResultsDirectory="58049297-a1ef-4fce-8579-4279b4867629">
    </UnitTestResult>
    <UnitTestResult executionId="d9974900-0e00-405d-afec-85b0911fa5db" testId="d2636e01-07d3-8d97-7e57-ab6725f5e972" testName="CreateProductNullErrorTest" computerName="BOB-SQUAWK" duration="00:00:00.0048682" startTime="2012-08-30T03:49:51.8660000-07:00" endTime="2012-08-30T03:49:51.8740000-07:00" testType="13cdc9d9-ddb5-4fa4-a97d-d965ccfc6d4b" outcome="Passed" testListId="8c84fa94-04c1-424b-9868-57a2d4851a1d" relativeResultsDirectory="d9974900-0e00-405d-afec-85b0911fa5db">
    </UnitTestResult>
    <UnitTestResult executionId="b5be16bb-3da3-400c-9e55-b4c77eab7f12" testId="dc348301-aaee-9d57-e85e-e7bdc8bf9c91" testName="UpdateProductColorTest" computerName="BOB-SQUAWK" duration="00:00:00.0052862" startTime="2012-08-30T03:49:51.8870000-07:00" endTime="2012-08-30T03:49:51.8960000-07:00" testType="13cdc9d9-ddb5-4fa4-a97d-d965ccfc6d4b" outcome="Passed" testListId="8c84fa94-04c1-424b-9868-57a2d4851a1d" relativeResultsDirectory="b5be16bb-3da3-400c-9e55-b4c77eab7f12">
    </UnitTestResult>
    <UnitTestResult executionId="9659e9ea-2611-427c-a901-2c5a1a76c830" testId="e838b5ac-738c-c97e-c3d6-f1fb0daa2370" testName="BrandUpdateErrorTest" computerName="BOB-SQUAWK" duration="00:00:00.0027765" startTime="2012-08-30T03:49:51.8990000-07:00" endTime="2012-08-30T03:49:51.9050000-07:00" testType="13cdc9d9-ddb5-4fa4-a97d-d965ccfc6d4b" outcome="Passed" testListId="8c84fa94-04c1-424b-9868-57a2d4851a1d" relativeResultsDirectory="9659e9ea-2611-427c-a901-2c5a1a76c830">
    </UnitTestResult>
    <UnitTestResult executionId="c3442da1-4db2-4d6b-8783-483b28bb4a85" testId="ec9f8ac9-bbad-7904-9e27-a42604c75864" testName="UpdateCustomerTest" computerName="BOB-SQUAWK" duration="00:00:00.0076456" startTime="2012-08-30T03:49:51.9090000-07:00" endTime="2012-08-30T03:49:51.9270000-07:00" testType="13cdc9d9-ddb5-4fa4-a97d-d965ccfc6d4b" outcome="Passed" testListId="8c84fa94-04c1-424b-9868-57a2d4851a1d" relativeResultsDirectory="c3442da1-4db2-4d6b-8783-483b28bb4a85">
      <Output>
        <StdOut>1</StdOut>
      </Output>
    </UnitTestResult>
    <UnitTestResult executionId="74ba185d-0bd4-4899-892c-2f036754b509" testId="f3f8f937-4c7c-939b-ae77-fc501524ffbb" testName="ReadUserTest" computerName="BOB-SQUAWK" duration="00:00:00.0031596" startTime="2012-08-30T03:49:51.9300000-07:00" endTime="2012-08-30T03:49:51.9370000-07:00" testType="13cdc9d9-ddb5-4fa4-a97d-d965ccfc6d4b" outcome="Passed" testListId="8c84fa94-04c1-424b-9868-57a2d4851a1d" relativeResultsDirectory="74ba185d-0bd4-4899-892c-2f036754b509">
    </UnitTestResult>
    <UnitTestResult executionId="1959a996-b574-4f8e-bd24-833ae81b4915" testId="f5116b98-dd2f-50c2-839b-71e219a68e4d" testName="CreateCustomerTest" computerName="BOB-SQUAWK" duration="00:00:00.0084540" startTime="2012-08-30T03:49:51.9410000-07:00" endTime="2012-08-30T03:49:51.9530000-07:00" testType="13cdc9d9-ddb5-4fa4-a97d-d965ccfc6d4b" outcome="Passed" testListId="8c84fa94-04c1-424b-9868-57a2d4851a1d" relativeResultsDirectory="1959a996-b574-4f8e-bd24-833ae81b4915">
      <Output>
        <StdOut>1132</StdOut>
      </Output>
    </UnitTestResult>
    <UnitTestResult executionId="aabe4485-4312-4b34-82e5-9e47c71a3328" testId="f7826c58-01e2-4c82-f47f-08228e891502" testName="CreateBrandTest" computerName="BOB-SQUAWK" duration="00:00:00.0046448" startTime="2012-08-30T03:49:51.9560000-07:00" endTime="2012-08-30T03:49:51.9650000-07:00" testType="13cdc9d9-ddb5-4fa4-a97d-d965ccfc6d4b" outcome="Passed" testListId="8c84fa94-04c1-424b-9868-57a2d4851a1d" relativeResultsDirectory="aabe4485-4312-4b34-82e5-9e47c71a3328">
    </UnitTestResult>
    <UnitTestResult executionId="0cc2254f-27ab-475d-ae20-417ae8a69cd5" testId="fceb51c8-60ab-9dba-9bc5-68eec453d8bc" testName="UpdateProductTest" computerName="BOB-SQUAWK" duration="00:00:00.0078674" startTime="2012-08-30T03:49:51.9740000-07:00" endTime="2012-08-30T03:49:51.9860000-07:00" testType="13cdc9d9-ddb5-4fa4-a97d-d965ccfc6d4b" outcome="Passed" testListId="8c84fa94-04c1-424b-9868-57a2d4851a1d" relativeResultsDirectory="0cc2254f-27ab-475d-ae20-417ae8a69cd5">
    </UnitTestResult>
    <UnitTestResult executionId="03ee88ba-76ac-4e4a-9d55-ea87a4dd4dc3" testId="fe9a4a1b-3bca-343b-6c6c-7b9a9abb113f" testName="CreateOrderTest" computerName="BOB-SQUAWK" duration="00:00:00.0046355" startTime="2012-08-30T03:49:51.9890000-07:00" endTime="2012-08-30T03:49:51.9970000-07:00" testType="13cdc9d9-ddb5-4fa4-a97d-d965ccfc6d4b" outcome="Passed" testListId="8c84fa94-04c1-424b-9868-57a2d4851a1d" relativeResultsDirectory="03ee88ba-76ac-4e4a-9d55-ea87a4dd4dc3">
      <Output>
        <StdOut>Order cannot be null</StdOut>
      </Output>
    </UnitTestResult>
  </Results>
</TestRun>